0 verbose cli C:\Program Files\nodejs\node.exe C:\Program Files\nodejs\node_modules\npm\bin\npm-cli.js
1 info using npm@11.11.0
2 info using node@v25.8.0
3 silly config load:file:C:\Program Files\nodejs\node_modules\npm\npmrc
4 silly config load:file:C:\Facility_Service_Management\frontend_react\.npmrc
5 silly config load:file:C:\Users\Vivek Derker\.npmrc
6 silly config load:file:C:\Users\Vivek Derker\AppData\Roaming\npm\etc\npmrc
7 verbose title npm install mdb-react-ui-kit @fortawesome/fontawesome-free
8 verbose argv "install" "mdb-react-ui-kit" "@fortawesome/fontawesome-free"
9 verbose logfile logs-max:10 dir:C:\Facility_Service_Management\frontend_react\.npm-cache\_logs\2026-04-12T08_30_13_000Z-
10 verbose logfile C:\Facility_Service_Management\frontend_react\.npm-cache\_logs\2026-04-12T08_30_13_000Z-debug-0.log
11 silly logfile done cleaning log files
12 silly packumentCache heap:2348810240 maxSize:587202560 maxEntrySize:293601280
13 verbose shrinkwrap failed to load node_modules/.package-lock.json out of date, updated: node_modules
14 silly idealTree buildDeps
15 silly fetch manifest mdb-react-ui-kit@*
16 silly packumentCache full:https://registry.npmjs.org/mdb-react-ui-kit cache-miss
17 http fetch GET 200 https://registry.npmjs.org/mdb-react-ui-kit 995ms (cache miss)
18 silly packumentCache full:https://registry.npmjs.org/mdb-react-ui-kit set size:undefined disposed:false
19 silly fetch manifest @types/react@^18.0.9
20 silly packumentCache full:https://registry.npmjs.org/@types%2freact cache-miss
21 http fetch GET 200 https://registry.npmjs.org/@types%2freact 333ms (cache miss)
22 silly packumentCache full:https://registry.npmjs.org/@types%2freact set size:undefined disposed:false
23 silly fetch manifest @types/react-dom@^18.0.3
24 silly packumentCache full:https://registry.npmjs.org/@types%2freact-dom cache-miss
25 http fetch GET 200 https://registry.npmjs.org/@types%2freact-dom 151ms (cache miss)
26 silly packumentCache full:https://registry.npmjs.org/@types%2freact-dom set size:undefined disposed:false
27 silly fetch manifest react@^18.2.0
28 silly packumentCache full:https://registry.npmjs.org/react cache-miss
29 http fetch GET 200 https://registry.npmjs.org/react 208ms (cache revalidated)
30 silly packumentCache full:https://registry.npmjs.org/react set size:6598084 disposed:false
31 silly fetch manifest react-dom@^18.2.0
32 silly packumentCache full:https://registry.npmjs.org/react-dom cache-miss
33 http fetch GET 200 https://registry.npmjs.org/react-dom 184ms (cache revalidated)
34 silly packumentCache full:https://registry.npmjs.org/react-dom set size:8778661 disposed:false
35 silly fetch manifest @fortawesome/fontawesome-free@*
36 silly packumentCache full:https://registry.npmjs.org/@fortawesome%2ffontawesome-free cache-miss
37 http fetch GET 200 https://registry.npmjs.org/@fortawesome%2ffontawesome-free 880ms (cache miss)
38 silly packumentCache full:https://registry.npmjs.org/@fortawesome%2ffontawesome-free set size:undefined disposed:false
39 silly placeDep ROOT @fortawesome/fontawesome-free@7.2.0 OK for: integrated-service-management-frontend@0.1.0 want: *
40 silly placeDep ROOT mdb-react-ui-kit@10.0.0 OK for: integrated-service-management-frontend@0.1.0 want: *
41 silly placeDep ROOT @types/react@18.3.28 OK for: mdb-react-ui-kit@10.0.0 want: ^18.0.9
42 silly placeDep ROOT @types/react-dom@18.3.7 OK for: mdb-react-ui-kit@10.0.0 want: ^18.0.3
43 silly fetch manifest clsx@1.1.1
44 silly packumentCache full:https://registry.npmjs.org/clsx cache-miss
45 silly fetch manifest react-popper@2.3.0
46 silly packumentCache full:https://registry.npmjs.org/react-popper cache-miss
47 silly fetch manifest @popperjs/core@2.11.5
48 silly packumentCache full:https://registry.npmjs.org/@popperjs%2fcore cache-miss
49 silly fetch manifest framer-motion@^10.16.4
50 silly packumentCache full:https://registry.npmjs.org/framer-motion cache-miss
51 silly fetch manifest csstype@^3.2.2
52 silly packumentCache full:https://registry.npmjs.org/csstype cache-miss
53 silly fetch manifest @types/prop-types@*
54 silly packumentCache full:https://registry.npmjs.org/@types%2fprop-types cache-miss
55 http fetch GET 200 https://registry.npmjs.org/clsx 107ms (cache miss)
56 silly packumentCache full:https://registry.npmjs.org/clsx set size:undefined disposed:false
57 http fetch GET 200 https://registry.npmjs.org/@popperjs%2fcore 300ms (cache miss)
58 silly packumentCache full:https://registry.npmjs.org/@popperjs%2fcore set size:undefined disposed:false
59 http fetch GET 200 https://registry.npmjs.org/csstype 387ms (cache miss)
60 silly packumentCache full:https://registry.npmjs.org/csstype set size:undefined disposed:false
61 http fetch GET 200 https://registry.npmjs.org/react-popper 549ms (cache miss)
62 silly packumentCache full:https://registry.npmjs.org/react-popper set size:undefined disposed:false
63 http fetch GET 200 https://registry.npmjs.org/@types%2fprop-types 588ms (cache miss)
64 silly packumentCache full:https://registry.npmjs.org/@types%2fprop-types set size:undefined disposed:false
65 http fetch GET 200 https://registry.npmjs.org/framer-motion 1395ms (cache miss)
66 silly packumentCache full:https://registry.npmjs.org/framer-motion set size:undefined disposed:false
67 silly placeDep ROOT @types/prop-types@15.7.15 OK for: @types/react@18.3.28 want: *
68 silly placeDep ROOT csstype@3.2.3 OK for: @types/react@18.3.28 want: ^3.2.2
69 silly fetch manifest react@>=17.0.0 <20.0.0
70 silly packumentCache full:https://registry.npmjs.org/react cache-miss
71 http cache https://registry.npmjs.org/react 18ms (cache hit)
72 silly packumentCache full:https://registry.npmjs.org/react set size:6598084 disposed:false
73 silly fetch manifest react@^16.8.0 || ^17 || ^18
74 silly packumentCache full:https://registry.npmjs.org/react cache-miss
75 http cache https://registry.npmjs.org/react 37ms (cache hit)
76 silly packumentCache full:https://registry.npmjs.org/react set size:6598084 disposed:false
77 silly fetch manifest react-dom@>=17.0.0 <20.0.0
78 silly packumentCache full:https://registry.npmjs.org/react-dom cache-miss
79 http cache https://registry.npmjs.org/react-dom 22ms (cache hit)
80 silly packumentCache full:https://registry.npmjs.org/react-dom set size:8778661 disposed:false
81 silly fetch manifest react-dom@^16.8.0 || ^17 || ^18
82 silly packumentCache full:https://registry.npmjs.org/react-dom cache-miss
83 http cache https://registry.npmjs.org/react-dom 20ms (cache hit)
84 silly packumentCache full:https://registry.npmjs.org/react-dom set size:8778661 disposed:false
85 silly fetch manifest react@^18.0.0
86 silly packumentCache full:https://registry.npmjs.org/react cache-miss
87 http cache https://registry.npmjs.org/react 19ms (cache hit)
88 silly packumentCache full:https://registry.npmjs.org/react set size:6598084 disposed:false
89 silly fetch manifest react-dom@^18.0.0
90 silly packumentCache full:https://registry.npmjs.org/react-dom cache-miss
91 http cache https://registry.npmjs.org/react-dom 25ms (cache hit)
92 silly packumentCache full:https://registry.npmjs.org/react-dom set size:8778661 disposed:false
93 silly placeDep ROOT @popperjs/core@2.11.5 OK for: mdb-react-ui-kit@10.0.0 want: 2.11.5
94 silly placeDep ROOT clsx@1.1.1 OK for: mdb-react-ui-kit@10.0.0 want: 1.1.1
95 silly placeDep ROOT framer-motion@10.18.0 OK for: mdb-react-ui-kit@10.0.0 want: ^10.16.4
96 silly placeDep ROOT react-popper@2.3.0 OK for: mdb-react-ui-kit@10.0.0 want: 2.3.0
97 silly fetch manifest @emotion/is-prop-valid@^0.8.2
98 silly packumentCache full:https://registry.npmjs.org/@emotion%2fis-prop-valid cache-miss
99 silly fetch manifest react-fast-compare@^3.0.1
100 silly packumentCache full:https://registry.npmjs.org/react-fast-compare cache-miss
101 silly fetch manifest warning@^4.0.2
102 silly packumentCache full:https://registry.npmjs.org/warning cache-miss
103 http fetch GET 200 https://registry.npmjs.org/react-fast-compare 136ms (cache miss)
104 silly packumentCache full:https://registry.npmjs.org/react-fast-compare set size:undefined disposed:false
105 http fetch GET 200 https://registry.npmjs.org/warning 406ms (cache miss)
106 silly packumentCache full:https://registry.npmjs.org/warning set size:undefined disposed:false
107 http fetch GET 200 https://registry.npmjs.org/@emotion%2fis-prop-valid 449ms (cache miss)
108 silly packumentCache full:https://registry.npmjs.org/@emotion%2fis-prop-valid set size:undefined disposed:false
109 silly placeDep ROOT @emotion/is-prop-valid@0.8.8 OK for: framer-motion@10.18.0 want: ^0.8.2
110 silly fetch manifest @emotion/memoize@0.7.4
111 silly packumentCache full:https://registry.npmjs.org/@emotion%2fmemoize cache-miss
112 http fetch GET 200 https://registry.npmjs.org/@emotion%2fmemoize 100ms (cache miss)
113 silly packumentCache full:https://registry.npmjs.org/@emotion%2fmemoize set size:undefined disposed:false
114 silly placeDep ROOT @emotion/memoize@0.7.4 OK for: @emotion/is-prop-valid@0.8.8 want: 0.7.4
115 silly placeDep ROOT react-fast-compare@3.2.2 OK for: react-popper@2.3.0 want: ^3.0.1
116 silly placeDep ROOT warning@4.0.3 OK for: react-popper@2.3.0 want: ^4.0.2
117 silly fetch manifest yaml@^2.4.2
118 silly packumentCache full:https://registry.npmjs.org/yaml cache-miss
119 http fetch GET 200 https://registry.npmjs.org/yaml 79ms (cache revalidated)
120 silly packumentCache full:https://registry.npmjs.org/yaml set size:375230 disposed:false
121 silly placeDep node_modules/tailwindcss yaml@2.8.3 OK for: postcss-load-config@6.0.1 want: ^2.4.2
122 silly reify moves {}
123 silly audit bulk request {
123 silly audit   '@alloc/quick-lru': [ '5.2.0' ],
123 silly audit   '@babel/code-frame': [ '7.29.0' ],
123 silly audit   '@babel/compat-data': [ '7.29.0' ],
123 silly audit   '@babel/core': [ '7.29.0' ],
123 silly audit   semver: [ '6.3.1', '7.7.4' ],
123 silly audit   '@babel/eslint-parser': [ '7.28.6' ],
123 silly audit   'eslint-visitor-keys': [ '2.1.0', '3.4.3' ],
123 silly audit   '@babel/generator': [ '7.29.1' ],
123 silly audit   '@babel/helper-annotate-as-pure': [ '7.27.3' ],
123 silly audit   '@babel/helper-compilation-targets': [ '7.28.6' ],
123 silly audit   '@babel/helper-create-class-features-plugin': [ '7.28.6' ],
123 silly audit   '@babel/helper-create-regexp-features-plugin': [ '7.28.5' ],
123 silly audit   '@babel/helper-define-polyfill-provider': [ '0.6.8' ],
123 silly audit   '@babel/helper-globals': [ '7.28.0' ],
123 silly audit   '@babel/helper-member-expression-to-functions': [ '7.28.5' ],
123 silly audit   '@babel/helper-module-imports': [ '7.28.6' ],
123 silly audit   '@babel/helper-module-transforms': [ '7.28.6' ],
123 silly audit   '@babel/helper-optimise-call-expression': [ '7.27.1' ],
123 silly audit   '@babel/helper-plugin-utils': [ '7.28.6' ],
123 silly audit   '@babel/helper-remap-async-to-generator': [ '7.27.1' ],
123 silly audit   '@babel/helper-replace-supers': [ '7.28.6' ],
123 silly audit   '@babel/helper-skip-transparent-expression-wrappers': [ '7.27.1' ],
123 silly audit   '@babel/helper-string-parser': [ '7.27.1' ],
123 silly audit   '@babel/helper-validator-identifier': [ '7.28.5' ],
123 silly audit   '@babel/helper-validator-option': [ '7.27.1' ],
123 silly audit   '@babel/helper-wrap-function': [ '7.28.6' ],
123 silly audit   '@babel/helpers': [ '7.29.2' ],
123 silly audit   '@babel/parser': [ '7.29.2' ],
123 silly audit   '@babel/plugin-bugfix-firefox-class-in-computed-class-key': [ '7.28.5' ],
123 silly audit   '@babel/plugin-bugfix-safari-class-field-initializer-scope': [ '7.27.1' ],
123 silly audit   '@babel/plugin-bugfix-safari-id-destructuring-collision-in-function-expression': [ '7.27.1' ],
123 silly audit   '@babel/plugin-bugfix-v8-spread-parameters-in-optional-chaining': [ '7.27.1' ],
123 silly audit   '@babel/plugin-bugfix-v8-static-class-fields-redefine-readonly': [ '7.28.6' ],
123 silly audit   '@babel/plugin-proposal-class-properties': [ '7.18.6' ],
123 silly audit   '@babel/plugin-proposal-decorators': [ '7.29.0' ],
123 silly audit   '@babel/plugin-proposal-nullish-coalescing-operator': [ '7.18.6' ],
123 silly audit   '@babel/plugin-proposal-numeric-separator': [ '7.18.6' ],
123 silly audit   '@babel/plugin-proposal-optional-chaining': [ '7.21.0' ],
123 silly audit   '@babel/plugin-proposal-private-methods': [ '7.18.6' ],
123 silly audit   '@babel/plugin-proposal-private-property-in-object': [ '7.21.0-placeholder-for-preset-env.2', '7.21.11' ],
123 silly audit   '@babel/plugin-syntax-async-generators': [ '7.8.4' ],
123 silly audit   '@babel/plugin-syntax-bigint': [ '7.8.3' ],
123 silly audit   '@babel/plugin-syntax-class-properties': [ '7.12.13' ],
123 silly audit   '@babel/plugin-syntax-class-static-block': [ '7.14.5' ],
123 silly audit   '@babel/plugin-syntax-decorators': [ '7.28.6' ],
123 silly audit   '@babel/plugin-syntax-flow': [ '7.28.6' ],
123 silly audit   '@babel/plugin-syntax-import-assertions': [ '7.28.6' ],
123 silly audit   '@babel/plugin-syntax-import-attributes': [ '7.28.6' ],
123 silly audit   '@babel/plugin-syntax-import-meta': [ '7.10.4' ],
123 silly audit   '@babel/plugin-syntax-json-strings': [ '7.8.3' ],
123 silly audit   '@babel/plugin-syntax-jsx': [ '7.28.6' ],
123 silly audit   '@babel/plugin-syntax-logical-assignment-operators': [ '7.10.4' ],
123 silly audit   '@babel/plugin-syntax-nullish-coalescing-operator': [ '7.8.3' ],
123 silly audit   '@babel/plugin-syntax-numeric-separator': [ '7.10.4' ],
123 silly audit   '@babel/plugin-syntax-object-rest-spread': [ '7.8.3' ],
123 silly audit   '@babel/plugin-syntax-optional-catch-binding': [ '7.8.3' ],
123 silly audit   '@babel/plugin-syntax-optional-chaining': [ '7.8.3' ],
123 silly audit   '@babel/plugin-syntax-private-property-in-object': [ '7.14.5' ],
123 silly audit   '@babel/plugin-syntax-top-level-await': [ '7.14.5' ],
123 silly audit   '@babel/plugin-syntax-typescript': [ '7.28.6' ],
123 silly audit   '@babel/plugin-syntax-unicode-sets-regex': [ '7.18.6' ],
123 silly audit   '@babel/plugin-transform-arrow-functions': [ '7.27.1' ],
123 silly audit   '@babel/plugin-transform-async-generator-functions': [ '7.29.0' ],
123 silly audit   '@babel/plugin-transform-async-to-generator': [ '7.28.6' ],
123 silly audit   '@babel/plugin-transform-block-scoped-functions': [ '7.27.1' ],
123 silly audit   '@babel/plugin-transform-block-scoping': [ '7.28.6' ],
123 silly audit   '@babel/plugin-transform-class-properties': [ '7.28.6' ],
123 silly audit   '@babel/plugin-transform-class-static-block': [ '7.28.6' ],
123 silly audit   '@babel/plugin-transform-classes': [ '7.28.6' ],
123 silly audit   '@babel/plugin-transform-computed-properties': [ '7.28.6' ],
123 silly audit   '@babel/plugin-transform-destructuring': [ '7.28.5' ],
123 silly audit   '@babel/plugin-transform-dotall-regex': [ '7.28.6' ],
123 silly audit   '@babel/plugin-transform-duplicate-keys': [ '7.27.1' ],
123 silly audit   '@babel/plugin-transform-duplicate-named-capturing-groups-regex': [ '7.29.0' ],
123 silly audit   '@babel/plugin-transform-dynamic-import': [ '7.27.1' ],
123 silly audit   '@babel/plugin-transform-explicit-resource-management': [ '7.28.6' ],
123 silly audit   '@babel/plugin-transform-exponentiation-operator': [ '7.28.6' ],
123 silly audit   '@babel/plugin-transform-export-namespace-from': [ '7.27.1' ],
123 silly audit   '@babel/plugin-transform-flow-strip-types': [ '7.27.1' ],
123 silly audit   '@babel/plugin-transform-for-of': [ '7.27.1' ],
123 silly audit   '@babel/plugin-transform-function-name': [ '7.27.1' ],
123 silly audit   '@babel/plugin-transform-json-strings': [ '7.28.6' ],
123 silly audit   '@babel/plugin-transform-literals': [ '7.27.1' ],
123 silly audit   '@babel/plugin-transform-logical-assignment-operators': [ '7.28.6' ],
123 silly audit   '@babel/plugin-transform-member-expression-literals': [ '7.27.1' ],
123 silly audit   '@babel/plugin-transform-modules-amd': [ '7.27.1' ],
123 silly audit   '@babel/plugin-transform-modules-commonjs': [ '7.28.6' ],
123 silly audit   '@babel/plugin-transform-modules-systemjs': [ '7.29.0' ],
123 silly audit   '@babel/plugin-transform-modules-umd': [ '7.27.1' ],
123 silly audit   '@babel/plugin-transform-named-capturing-groups-regex': [ '7.29.0' ],
123 silly audit   '@babel/plugin-transform-new-target': [ '7.27.1' ],
123 silly audit   '@babel/plugin-transform-nullish-coalescing-operator': [ '7.28.6' ],
123 silly audit   '@babel/plugin-transform-numeric-separator': [ '7.28.6' ],
123 silly audit   '@babel/plugin-transform-object-rest-spread': [ '7.28.6' ],
123 silly audit   '@babel/plugin-transform-object-super': [ '7.27.1' ],
123 silly audit   '@babel/plugin-transform-optional-catch-binding': [ '7.28.6' ],
123 silly audit   '@babel/plugin-transform-optional-chaining': [ '7.28.6' ],
123 silly audit   '@babel/plugin-transform-parameters': [ '7.27.7' ],
123 silly audit   '@babel/plugin-transform-private-methods': [ '7.28.6' ],
123 silly audit   '@babel/plugin-transform-private-property-in-object': [ '7.28.6' ],
123 silly audit   '@babel/plugin-transform-property-literals': [ '7.27.1' ],
123 silly audit   '@babel/plugin-transform-react-constant-elements': [ '7.27.1' ],
123 silly audit   '@babel/plugin-transform-react-display-name': [ '7.28.0' ],
123 silly audit   '@babel/plugin-transform-react-jsx': [ '7.28.6' ],
123 silly audit   '@babel/plugin-transform-react-jsx-development': [ '7.27.1' ],
123 silly audit   '@babel/plugin-transform-react-pure-annotations': [ '7.27.1' ],
123 silly audit   '@babel/plugin-transform-regenerator': [ '7.29.0' ],
123 silly audit   '@babel/plugin-transform-regexp-modifiers': [ '7.28.6' ],
123 silly audit   '@babel/plugin-transform-reserved-words': [ '7.27.1' ],
123 silly audit   '@babel/plugin-transform-runtime': [ '7.29.0' ],
123 silly audit   'babel-plugin-polyfill-corejs3': [ '0.13.0', '0.14.2' ],
123 silly audit   '@babel/plugin-transform-shorthand-properties': [ '7.27.1' ],
123 silly audit   '@babel/plugin-transform-spread': [ '7.28.6' ],
123 silly audit   '@babel/plugin-transform-sticky-regex': [ '7.27.1' ],
123 silly audit   '@babel/plugin-transform-template-literals': [ '7.27.1' ],
123 silly audit   '@babel/plugin-transform-typeof-symbol': [ '7.27.1' ],
123 silly audit   '@babel/plugin-transform-typescript': [ '7.28.6' ],
123 silly audit   '@babel/plugin-transform-unicode-escapes': [ '7.27.1' ],
123 silly audit   '@babel/plugin-transform-unicode-property-regex': [ '7.28.6' ],
123 silly audit   '@babel/plugin-transform-unicode-regex': [ '7.27.1' ],
123 silly audit   '@babel/plugin-transform-unicode-sets-regex': [ '7.28.6' ],
123 silly audit   '@babel/preset-env': [ '7.29.2' ],
123 silly audit   '@babel/preset-modules': [ '0.1.6-no-external-plugins' ],
123 silly audit   '@babel/preset-react': [ '7.28.5' ],
123 silly audit   '@babel/preset-typescript': [ '7.28.5' ],
123 silly audit   '@babel/runtime': [ '7.29.2' ],
123 silly audit   '@babel/template': [ '7.28.6' ],
123 silly audit   '@babel/traverse': [ '7.29.0' ],
123 silly audit   '@babel/types': [ '7.29.0' ],
123 silly audit   '@bcoe/v8-coverage': [ '0.2.3' ],
123 silly audit   '@csstools/normalize.css': [ '12.1.1' ],
123 silly audit   '@csstools/postcss-cascade-layers': [ '1.1.1' ],
123 silly audit   '@csstools/postcss-color-function': [ '1.1.1' ],
123 silly audit   '@csstools/postcss-font-format-keywords': [ '1.0.1' ],
123 silly audit   '@csstools/postcss-hwb-function': [ '1.0.2' ],
123 silly audit   '@csstools/postcss-ic-unit': [ '1.0.1' ],
123 silly audit   '@csstools/postcss-is-pseudo-class': [ '2.0.7' ],
123 silly audit   '@csstools/postcss-nested-calc': [ '1.0.0' ],
123 silly audit   '@csstools/postcss-normalize-display-values': [ '1.0.1' ],
123 silly audit   '@csstools/postcss-oklab-function': [ '1.1.1' ],
123 silly audit   '@csstools/postcss-progressive-custom-properties': [ '1.3.0' ],
123 silly audit   '@csstools/postcss-stepped-value-functions': [ '1.0.1' ],
123 silly audit   '@csstools/postcss-text-decoration-shorthand': [ '1.0.0' ],
123 silly audit   '@csstools/postcss-trigonometric-functions': [ '1.0.2' ],
123 silly audit   '@csstools/postcss-unset-value': [ '1.0.2' ],
123 silly audit   '@csstools/selector-specificity': [ '2.2.0' ],
123 silly audit   '@eslint-community/eslint-utils': [ '4.9.1' ],
123 silly audit   '@eslint-community/regexpp': [ '4.12.2' ],
123 silly audit   '@eslint/eslintrc': [ '2.1.4' ],
123 silly audit   argparse: [ '2.0.1', '1.0.10' ],
123 silly audit   'js-yaml': [ '4.1.1', '3.14.2' ],
123 silly audit   '@eslint/js': [ '8.57.1' ],
123 silly audit   '@humanwhocodes/config-array': [ '0.13.0' ],
123 silly audit   '@humanwhocodes/module-importer': [ '1.0.1' ],
123 silly audit   '@humanwhocodes/object-schema': [ '2.0.3' ],
123 silly audit   '@istanbuljs/load-nyc-config': [ '1.1.0' ],
123 silly audit   camelcase: [ '5.3.1', '6.3.0' ],
123 silly audit   '@istanbuljs/schema': [ '0.1.3' ],
123 silly audit   '@jest/console': [ '27.5.1', '28.1.3' ],
123 silly audit   '@jest/core': [ '27.5.1' ],
123 silly audit   '@jest/environment': [ '27.5.1' ],
123 silly audit   '@jest/fake-timers': [ '27.5.1' ],
123 silly audit   '@jest/globals': [ '27.5.1' ],
123 silly audit   '@jest/reporters': [ '27.5.1' ],
123 silly audit   'source-map': [ '0.6.1', '0.7.6', '0.8.0-beta.0' ],
123 silly audit   '@jest/schemas': [ '28.1.3' ],
123 silly audit   '@jest/source-map': [ '27.5.1' ],
123 silly audit   '@jest/test-result': [ '27.5.1', '28.1.3' ],
123 silly audit   '@jest/test-sequencer': [ '27.5.1' ],
123 silly audit   '@jest/transform': [ '27.5.1' ],
123 silly audit   'convert-source-map': [ '1.9.0', '2.0.0' ],
123 silly audit   '@jest/types': [ '27.5.1', '28.1.3' ],
123 silly audit   '@jridgewell/gen-mapping': [ '0.3.13' ],
123 silly audit   '@jridgewell/remapping': [ '2.3.5' ],
123 silly audit   '@jridgewell/resolve-uri': [ '3.1.2' ],
123 silly audit   '@jridgewell/source-map': [ '0.3.11' ],
123 silly audit   '@jridgewell/sourcemap-codec': [ '1.5.5' ],
123 silly audit   '@jridgewell/trace-mapping': [ '0.3.31' ],
123 silly audit   '@leichtgewicht/ip-codec': [ '2.0.5' ],
123 silly audit   '@nicolo-ribaudo/eslint-scope-5-internals': [ '5.1.1-v1' ],
123 silly audit   'eslint-scope': [ '5.1.1', '7.2.2' ],
123 silly audit   estraverse: [ '4.3.0', '5.3.0' ],
123 silly audit   '@nodelib/fs.scandir': [ '2.1.5' ],
123 silly audit   '@nodelib/fs.stat': [ '2.0.5' ],
123 silly audit   '@nodelib/fs.walk': [ '1.2.8' ],
123 silly audit   '@pmmmwh/react-refresh-webpack-plugin': [ '0.5.17' ],
123 silly audit   '@rollup/plugin-babel': [ '5.3.1' ],
123 silly audit   '@rollup/plugin-node-resolve': [ '11.2.1' ],
123 silly audit   '@rollup/plugin-replace': [ '2.4.2' ],
123 silly audit   '@rollup/pluginutils': [ '3.1.0' ],
123 silly audit   '@types/estree': [ '0.0.39', '1.0.8' ],
123 silly audit   '@rtsao/scc': [ '1.1.0' ],
123 silly audit   '@rushstack/eslint-patch': [ '1.16.1' ],
123 silly audit   '@sinclair/typebox': [ '0.24.51' ],
123 silly audit   '@sinonjs/commons': [ '1.8.6' ],
123 silly audit   '@sinonjs/fake-timers': [ '8.1.0' ],
123 silly audit   '@surma/rollup-plugin-off-main-thread': [ '2.2.3' ],
123 silly audit   '@svgr/babel-plugin-add-jsx-attribute': [ '5.4.0' ],
123 silly audit   '@svgr/babel-plugin-remove-jsx-attribute': [ '5.4.0' ],
123 silly audit   '@svgr/babel-plugin-remove-jsx-empty-expression': [ '5.0.1' ],
123 silly audit   '@svgr/babel-plugin-replace-jsx-attribute-value': [ '5.0.1' ],
123 silly audit   '@svgr/babel-plugin-svg-dynamic-title': [ '5.4.0' ],
123 silly audit   '@svgr/babel-plugin-svg-em-dimensions': [ '5.4.0' ],
123 silly audit   '@svgr/babel-plugin-transform-react-native-svg': [ '5.4.0' ],
123 silly audit   '@svgr/babel-plugin-transform-svg-component': [ '5.5.0' ],
123 silly audit   '@svgr/babel-preset': [ '5.5.0' ],
123 silly audit   '@svgr/core': [ '5.5.0' ],
123 silly audit   '@svgr/hast-util-to-babel-ast': [ '5.5.0' ],
123 silly audit   '@svgr/plugin-jsx': [ '5.5.0' ],
123 silly audit   '@svgr/plugin-svgo': [ '5.5.0' ],
123 silly audit   '@svgr/webpack': [ '5.5.0' ],
123 silly audit   '@tootallnate/once': [ '1.1.2' ],
123 silly audit   '@types/babel__core': [ '7.20.5' ],
123 silly audit   '@types/babel__generator': [ '7.27.0' ],
123 silly audit   '@types/babel__template': [ '7.4.4' ],
123 silly audit   '@types/babel__traverse': [ '7.28.0' ],
123 silly audit   '@types/body-parser': [ '1.19.6' ],
123 silly audit   '@types/bonjour': [ '3.5.13' ],
123 silly audit   '@types/connect': [ '3.4.38' ],
123 silly audit   '@types/connect-history-api-fallback': [ '1.5.4' ],
123 silly audit   '@types/eslint': [ '8.56.12' ],
123 silly audit   '@types/eslint-scope': [ '3.7.7' ],
123 silly audit   '@types/express': [ '4.17.25' ],
123 silly audit   '@types/express-serve-static-core': [ '5.1.1', '4.19.8' ],
123 silly audit   '@types/graceful-fs': [ '4.1.9' ],
123 silly audit   '@types/html-minifier-terser': [ '6.1.0' ],
123 silly audit   '@types/http-errors': [ '2.0.5' ],
123 silly audit   '@types/http-proxy': [ '1.17.17' ],
123 silly audit   '@types/istanbul-lib-coverage': [ '2.0.6' ],
123 silly audit   '@types/istanbul-lib-report': [ '3.0.3' ],
123 silly audit   '@types/istanbul-reports': [ '3.0.4' ],
123 silly audit   '@types/json-schema': [ '7.0.15' ],
123 silly audit   '@types/json5': [ '0.0.29' ],
123 silly audit   '@types/mime': [ '1.3.5' ],
123 silly audit   '@types/node': [ '25.6.0' ],
123 silly audit   '@types/node-forge': [ '1.3.14' ],
123 silly audit   '@types/parse-json': [ '4.0.2' ],
123 silly audit   '@types/prettier': [ '2.7.3' ],
123 silly audit   '@types/q': [ '1.5.8' ],
123 silly audit   '@types/qs': [ '6.15.0' ],
123 silly audit   '@types/range-parser': [ '1.2.7' ],
123 silly audit   '@types/resolve': [ '1.17.1' ],
123 silly audit   '@types/retry': [ '0.12.0' ],
123 silly audit   '@types/semver': [ '7.7.1' ],
123 silly audit   '@types/send': [ '1.2.1', '0.17.6' ],
123 silly audit   '@types/serve-index': [ '1.9.4' ],
123 silly audit   '@types/serve-static': [ '1.15.10' ],
123 silly audit   '@types/sockjs': [ '0.3.36' ],
123 silly audit   '@types/stack-utils': [ '2.0.3' ],
123 silly audit   '@types/trusted-types': [ '2.0.7' ],
123 silly audit   '@types/ws': [ '8.18.1' ],
123 silly audit   '@types/yargs': [ '16.0.11', '17.0.35' ],
123 silly audit   '@types/yargs-parser': [ '21.0.3' ],
123 silly audit   '@typescript-eslint/eslint-plugin': [ '5.62.0' ],
123 silly audit   '@typescript-eslint/experimental-utils': [ '5.62.0' ],
123 silly audit   '@typescript-eslint/parser': [ '5.62.0' ],
123 silly audit   '@typescript-eslint/scope-manager': [ '5.62.0' ],
123 silly audit   '@typescript-eslint/type-utils': [ '5.62.0' ],
123 silly audit   '@typescript-eslint/types': [ '5.62.0' ],
123 silly audit   '@typescript-eslint/typescript-estree': [ '5.62.0' ],
123 silly audit   '@typescript-eslint/utils': [ '5.62.0' ],
123 silly audit   '@typescript-eslint/visitor-keys': [ '5.62.0' ],
123 silly audit   '@ungap/structured-clone': [ '1.3.0' ],
123 silly audit   '@webassemblyjs/ast': [ '1.14.1' ],
123 silly audit   '@webassemblyjs/floating-point-hex-parser': [ '1.13.2' ],
123 silly audit   '@webassemblyjs/helper-api-error': [ '1.13.2' ],
123 silly audit   '@webassemblyjs/helper-buffer': [ '1.14.1' ],
123 silly audit   '@webassemblyjs/helper-numbers': [ '1.13.2' ],
123 silly audit   '@webassemblyjs/helper-wasm-bytecode': [ '1.13.2' ],
123 silly audit   '@webassemblyjs/helper-wasm-section': [ '1.14.1' ],
123 silly audit   '@webassemblyjs/ieee754': [ '1.13.2' ],
123 silly audit   '@webassemblyjs/leb128': [ '1.13.2' ],
123 silly audit   '@webassemblyjs/utf8': [ '1.13.2' ],
123 silly audit   '@webassemblyjs/wasm-edit': [ '1.14.1' ],
123 silly audit   '@webassemblyjs/wasm-gen': [ '1.14.1' ],
123 silly audit   '@webassemblyjs/wasm-opt': [ '1.14.1' ],
123 silly audit   '@webassemblyjs/wasm-parser': [ '1.14.1' ],
123 silly audit   '@webassemblyjs/wast-printer': [ '1.14.1' ],
123 silly audit   '@xtuc/ieee754': [ '1.2.0' ],
123 silly audit   '@xtuc/long': [ '4.2.2' ],
123 silly audit   abab: [ '2.0.6' ],
123 silly audit   accepts: [ '1.3.8' ],
123 silly audit   negotiator: [ '0.6.3', '0.6.4' ],
123 silly audit   acorn: [ '8.16.0', '7.4.1' ],
123 silly audit   'acorn-globals': [ '6.0.0' ],
123 silly audit   'acorn-import-phases': [ '1.0.4' ],
123 silly audit   'acorn-jsx': [ '5.3.2' ],
123 silly audit   'acorn-walk': [ '7.2.0' ],
123 silly audit   address: [ '1.2.2' ],
123 silly audit   'adjust-sourcemap-loader': [ '4.0.0' ],
123 silly audit   'agent-base': [ '6.0.2' ],
123 silly audit   ajv: [ '6.14.0', '8.18.0' ],
123 silly audit   'ajv-formats': [ '2.1.1' ],
123 silly audit   'json-schema-traverse': [ '1.0.0', '0.4.1' ],
123 silly audit   'ajv-keywords': [ '3.5.2', '5.1.0' ],
123 silly audit   'ansi-escapes': [ '4.3.2' ],
123 silly audit   'type-fest': [ '0.21.3', '0.16.0', '0.20.2' ],
123 silly audit   'ansi-html': [ '0.0.9' ],
123 silly audit   'ansi-html-community': [ '0.0.8' ],
123 silly audit   'ansi-regex': [ '5.0.1', '6.2.2' ],
123 silly audit   'ansi-styles': [ '4.3.0', '3.2.1', '5.2.0' ],
123 silly audit   'any-promise': [ '1.3.0' ],
123 silly audit   anymatch: [ '3.1.3' ],
123 silly audit   arg: [ '5.0.2' ],
123 silly audit   'aria-query': [ '5.3.2' ],
123 silly audit   'array-buffer-byte-length': [ '1.0.2' ],
123 silly audit   'array-flatten': [ '1.1.1' ],
123 silly audit   'array-includes': [ '3.1.9' ],
123 silly audit   'array-union': [ '2.1.0' ],
123 silly audit   'array.prototype.findlast': [ '1.2.5' ],
123 silly audit   'array.prototype.findlastindex': [ '1.2.6' ],
123 silly audit   'array.prototype.flat': [ '1.3.3' ],
123 silly audit   'array.prototype.flatmap': [ '1.3.3' ],
123 silly audit   'array.prototype.reduce': [ '1.0.8' ],
123 silly audit   'array.prototype.tosorted': [ '1.1.4' ],
123 silly audit   'arraybuffer.prototype.slice': [ '1.0.4' ],
123 silly audit   asap: [ '2.0.6' ],
123 silly audit   'ast-types-flow': [ '0.0.8' ],
123 silly audit   async: [ '3.2.6' ],
123 silly audit   'async-function': [ '1.0.0' ],
123 silly audit   asynckit: [ '0.4.0' ],
123 silly audit   'at-least-node': [ '1.0.0' ],
123 silly audit   autoprefixer: [ '10.4.27' ],
123 silly audit   'available-typed-arrays': [ '1.0.7' ],
123 silly audit   'axe-core': [ '4.11.2' ],
123 silly audit   'axobject-query': [ '4.1.0' ],
123 silly audit   'babel-jest': [ '27.5.1' ],
123 silly audit   'babel-loader': [ '8.4.1' ],
123 silly audit   'schema-utils': [ '2.7.1', '3.3.0', '2.7.0', '4.3.3' ],
123 silly audit   'babel-plugin-istanbul': [ '6.1.1' ],
123 silly audit   'babel-plugin-jest-hoist': [ '27.5.1' ],
123 silly audit   'babel-plugin-macros': [ '3.1.0' ],
123 silly audit   'babel-plugin-named-asset-import': [ '0.3.8' ],
123 silly audit   'babel-plugin-polyfill-corejs2': [ '0.4.17' ],
123 silly audit   'babel-plugin-polyfill-regenerator': [ '0.6.8' ],
123 silly audit   'babel-plugin-transform-react-remove-prop-types': [ '0.4.24' ],
123 silly audit   'babel-preset-current-node-syntax': [ '1.2.0' ],
123 silly audit   'babel-preset-jest': [ '27.5.1' ],
123 silly audit   'babel-preset-react-app': [ '10.1.0' ],
123 silly audit   'balanced-match': [ '1.0.2' ],
123 silly audit   'baseline-browser-mapping': [ '2.10.18' ],
123 silly audit   batch: [ '0.6.1' ],
123 silly audit   bfj: [ '7.1.0' ],
123 silly audit   'big.js': [ '5.2.2' ],
123 silly audit   'binary-extensions': [ '2.3.0' ],
123 silly audit   bluebird: [ '3.7.2' ],
123 silly audit   'body-parser': [ '1.20.4' ],
123 silly audit   debug: [ '2.6.9', '4.4.3', '3.2.7' ],
123 silly audit   'iconv-lite': [ '0.4.24', '0.6.3' ],
123 silly audit   ms: [ '2.0.0', '2.1.3' ],
123 silly audit   'bonjour-service': [ '1.3.0' ],
123 silly audit   boolbase: [ '1.0.0' ],
123 silly audit   'brace-expansion': [ '1.1.14', '2.1.0' ],
123 silly audit   braces: [ '3.0.3' ],
123 silly audit   'browser-process-hrtime': [ '1.0.0' ],
123 silly audit   browserslist: [ '4.28.2' ],
123 silly audit   bser: [ '2.1.1' ],
123 silly audit   'buffer-from': [ '1.1.2' ],
123 silly audit   'builtin-modules': [ '3.3.0' ],
123 silly audit   bytes: [ '3.1.2' ],
123 silly audit   'call-bind': [ '1.0.9' ],
123 silly audit   'call-bind-apply-helpers': [ '1.0.2' ],
123 silly audit   'call-bound': [ '1.0.4' ],
123 silly audit   callsites: [ '3.1.0' ],
123 silly audit   'camel-case': [ '4.1.2' ],
123 silly audit   'camelcase-css': [ '2.0.1' ],
123 silly audit   'caniuse-api': [ '3.0.0' ],
123 silly audit   'caniuse-lite': [ '1.0.30001787' ],
123 silly audit   'case-sensitive-paths-webpack-plugin': [ '2.4.0' ],
123 silly audit   chalk: [ '4.1.2', '2.4.2' ],
123 silly audit   'char-regex': [ '1.0.2', '2.0.2' ],
123 silly audit   'check-types': [ '11.2.3' ],
123 silly audit   chokidar: [ '3.6.0' ],
123 silly audit   'glob-parent': [ '5.1.2', '6.0.2' ],
123 silly audit   'chrome-trace-event': [ '1.0.4' ],
123 silly audit   'ci-info': [ '3.9.0' ],
123 silly audit   'cjs-module-lexer': [ '1.4.3' ],
123 silly audit   'clean-css': [ '5.3.3' ],
123 silly audit   cliui: [ '7.0.4' ],
123 silly audit   co: [ '4.6.0' ],
123 silly audit   coa: [ '2.0.2' ],
123 silly audit   'color-convert': [ '1.9.3', '2.0.1' ],
123 silly audit   'color-name': [ '1.1.3', '1.1.4' ],
123 silly audit   'escape-string-regexp': [ '1.0.5', '4.0.0', '2.0.0' ],
123 silly audit   'has-flag': [ '3.0.0', '4.0.0' ],
123 silly audit   'supports-color': [ '5.5.0', '8.1.1', '7.2.0' ],
123 silly audit   'collect-v8-coverage': [ '1.0.3' ],
123 silly audit   colord: [ '2.9.3' ],
123 silly audit   colorette: [ '2.0.20' ],
123 silly audit   'combined-stream': [ '1.0.8' ],
123 silly audit   commander: [ '8.3.0', '7.2.0', '4.1.1', '2.20.3' ],
123 silly audit   'common-tags': [ '1.8.2' ],
123 silly audit   commondir: [ '1.0.1' ],
123 silly audit   compressible: [ '2.0.18' ],
123 silly audit   compression: [ '1.8.1' ],
123 silly audit   'concat-map': [ '0.0.1' ],
123 silly audit   'confusing-browser-globals': [ '1.0.11' ],
123 silly audit   'connect-history-api-fallback': [ '2.0.0' ],
123 silly audit   'content-disposition': [ '0.5.4' ],
123 silly audit   'content-type': [ '1.0.5' ],
123 silly audit   cookie: [ '0.7.2' ],
123 silly audit   'cookie-signature': [ '1.0.7' ],
123 silly audit   'core-js': [ '3.49.0' ],
123 silly audit   'core-js-compat': [ '3.49.0' ],
123 silly audit   'core-js-pure': [ '3.49.0' ],
123 silly audit   'core-util-is': [ '1.0.3' ],
123 silly audit   cosmiconfig: [ '7.1.0', '6.0.0' ],
123 silly audit   'cross-spawn': [ '7.0.6' ],
123 silly audit   'crypto-random-string': [ '2.0.0' ],
123 silly audit   'css-blank-pseudo': [ '3.0.3' ],
123 silly audit   'css-declaration-sorter': [ '6.4.1' ],
123 silly audit   'css-has-pseudo': [ '3.0.4' ],
123 silly audit   'css-loader': [ '6.11.0' ],
123 silly audit   'css-minimizer-webpack-plugin': [ '3.4.1' ],
123 silly audit   'css-prefers-color-scheme': [ '6.0.3' ],
123 silly audit   'css-select': [ '4.3.0', '2.1.0' ],
123 silly audit   'css-select-base-adapter': [ '0.1.1' ],
123 silly audit   'css-tree': [ '1.0.0-alpha.37', '1.1.3' ],
123 silly audit   'css-what': [ '6.2.2', '3.4.2' ],
123 silly audit   cssdb: [ '7.11.2' ],
123 silly audit   cssesc: [ '3.0.0' ],
123 silly audit   cssnano: [ '5.1.15' ],
123 silly audit   'cssnano-preset-default': [ '5.2.14' ],
123 silly audit   'cssnano-utils': [ '3.1.0' ],
123 silly audit   csso: [ '4.2.0' ],
123 silly audit   'mdn-data': [ '2.0.14', '2.0.4' ],
123 silly audit   cssom: [ '0.4.4', '0.3.8' ],
123 silly audit   cssstyle: [ '2.3.0' ],
123 silly audit   'damerau-levenshtein': [ '1.0.8' ],
123 silly audit   'data-urls': [ '2.0.0' ],
123 silly audit   'data-view-buffer': [ '1.0.2' ],
123 silly audit   'data-view-byte-length': [ '1.0.2' ],
123 silly audit   'data-view-byte-offset': [ '1.0.1' ],
123 silly audit   'decimal.js': [ '10.6.0' ],
123 silly audit   dedent: [ '0.7.0' ],
123 silly audit   'deep-is': [ '0.1.4' ],
123 silly audit   deepmerge: [ '4.3.1' ],
123 silly audit   'default-gateway': [ '6.0.3' ],
123 silly audit   'define-data-property': [ '1.1.4' ],
123 silly audit   'define-lazy-prop': [ '2.0.0' ],
123 silly audit   'define-properties': [ '1.2.1' ],
123 silly audit   'delayed-stream': [ '1.0.0' ],
123 silly audit   depd: [ '2.0.0', '1.1.2' ],
123 silly audit   destroy: [ '1.2.0' ],
123 silly audit   'detect-newline': [ '3.1.0' ],
123 silly audit   'detect-node': [ '2.1.0' ],
123 silly audit   'detect-port-alt': [ '1.1.6' ],
123 silly audit   didyoumean: [ '1.2.2' ],
123 silly audit   'diff-sequences': [ '27.5.1' ],
123 silly audit   'dir-glob': [ '3.0.1' ],
123 silly audit   dlv: [ '1.1.3' ],
123 silly audit   'dns-packet': [ '5.6.1' ],
123 silly audit   doctrine: [ '3.0.0', '2.1.0' ],
123 silly audit   'dom-converter': [ '0.2.0' ],
123 silly audit   'dom-serializer': [ '1.4.1', '0.2.2' ],
123 silly audit   domelementtype: [ '2.3.0', '1.3.1' ],
123 silly audit   domexception: [ '2.0.1' ],
123 silly audit   'webidl-conversions': [ '5.0.0', '6.1.0', '4.0.2' ],
123 silly audit   domhandler: [ '4.3.1' ],
123 silly audit   domutils: [ '2.8.0', '1.7.0' ],
123 silly audit   'dot-case': [ '3.0.4' ],
123 silly audit   dotenv: [ '10.0.0' ],
123 silly audit   'dotenv-expand': [ '5.1.0' ],
123 silly audit   'dunder-proto': [ '1.0.1' ],
123 silly audit   duplexer: [ '0.1.2' ],
123 silly audit   'ee-first': [ '1.1.1' ],
123 silly audit   ejs: [ '3.1.10' ],
123 silly audit   'electron-to-chromium': [ '1.5.335' ],
123 silly audit   emittery: [ '0.8.1', '0.10.2' ],
123 silly audit   'emoji-regex': [ '9.2.2', '8.0.0' ],
123 silly audit   'emojis-list': [ '3.0.0' ],
123 silly audit   encodeurl: [ '2.0.0' ],
123 silly audit   'enhanced-resolve': [ '5.20.1' ],
123 silly audit   entities: [ '2.2.0' ],
123 silly audit   'error-ex': [ '1.3.4' ],
123 silly audit   'error-stack-parser': [ '2.1.4' ],
123 silly audit   'es-abstract': [ '1.24.2' ],
123 silly audit   'es-array-method-boxes-properly': [ '1.0.0' ],
123 silly audit   'es-define-property': [ '1.0.1' ],
123 silly audit   'es-errors': [ '1.3.0' ],
123 silly audit   'es-iterator-helpers': [ '1.3.2' ],
123 silly audit   'es-module-lexer': [ '2.0.0' ],
123 silly audit   'es-object-atoms': [ '1.1.1' ],
123 silly audit   'es-set-tostringtag': [ '2.1.0' ],
123 silly audit   'es-shim-unscopables': [ '1.1.0' ],
123 silly audit   'es-to-primitive': [ '1.3.0' ],
123 silly audit   escalade: [ '3.2.0' ],
123 silly audit   'escape-html': [ '1.0.3' ],
123 silly audit   escodegen: [ '2.1.0' ],
123 silly audit   eslint: [ '8.57.1' ],
123 silly audit   'eslint-config-react-app': [ '7.0.1' ],
123 silly audit   'eslint-plugin-react': [ '7.37.5' ],
123 silly audit   resolve: [ '2.0.0-next.6', '1.22.11' ],
123 silly audit   'eslint-module-utils': [ '2.12.1' ],
123 silly audit   'eslint-plugin-flowtype': [ '8.0.3' ],
123 silly audit   'eslint-plugin-import': [ '2.32.0' ],
123 silly audit   'eslint-import-resolver-node': [ '0.3.10' ],
123 silly audit   'eslint-plugin-jest': [ '25.7.0' ],
123 silly audit   'eslint-plugin-jsx-a11y': [ '6.10.2' ],
123 silly audit   'eslint-plugin-react-hooks': [ '4.6.2' ],
123 silly audit   'eslint-plugin-testing-library': [ '5.11.1' ],
123 silly audit   'eslint-webpack-plugin': [ '3.2.0' ],
123 silly audit   'jest-worker': [ '28.1.3', '27.5.1', '26.6.2' ],
123 silly audit   'find-up': [ '5.0.0', '4.1.0', '3.0.0' ],
123 silly audit   'locate-path': [ '6.0.0', '5.0.0', '3.0.0' ],
123 silly audit   'p-limit': [ '3.1.0', '2.3.0' ],
123 silly audit   'p-locate': [ '5.0.0', '4.1.0', '3.0.0' ],
123 silly audit   espree: [ '9.6.1' ],
123 silly audit   esprima: [ '4.0.1', '1.2.5' ],
123 silly audit   esquery: [ '1.7.0' ],
123 silly audit   esrecurse: [ '4.3.0' ],
123 silly audit   'estree-walker': [ '1.0.1' ],
123 silly audit   esutils: [ '2.0.3' ],
123 silly audit   etag: [ '1.8.1' ],
123 silly audit   eventemitter3: [ '4.0.7' ],
123 silly audit   events: [ '3.3.0' ],
123 silly audit   execa: [ '5.1.1' ],
123 silly audit   exit: [ '0.1.2' ],
123 silly audit   expect: [ '27.5.1' ],
123 silly audit   express: [ '4.22.1' ],
123 silly audit   'fast-deep-equal': [ '3.1.3' ],
123 silly audit   'fast-glob': [ '3.3.3' ],
123 silly audit   'fast-json-stable-stringify': [ '2.1.0' ],
123 silly audit   'fast-levenshtein': [ '2.0.6' ],
123 silly audit   'fast-uri': [ '3.1.0' ],
123 silly audit   fastq: [ '1.20.1' ],
123 silly audit   'faye-websocket': [ '0.11.4' ],
123 silly audit   'fb-watchman': [ '2.0.2' ],
123 silly audit   'file-entry-cache': [ '6.0.1' ],
123 silly audit   'file-loader': [ '6.2.0' ],
123 silly audit   filelist: [ '1.0.6' ],
123 silly audit   minimatch: [ '5.1.9', '3.1.5' ],
123 silly audit   filesize: [ '8.0.7' ],
123 silly audit   'fill-range': [ '7.1.1' ],
123 silly audit   finalhandler: [ '1.3.2' ],
123 silly audit   'find-cache-dir': [ '3.3.2' ],
123 silly audit   'flat-cache': [ '3.2.0' ],
123 silly audit   flatted: [ '3.4.2' ],
123 silly audit   'follow-redirects': [ '1.15.11' ],
123 silly audit   'for-each': [ '0.3.5' ],
123 silly audit   'fork-ts-checker-webpack-plugin': [ '6.5.3' ],
123 silly audit   'fs-extra': [ '9.1.0', '10.1.0' ],
123 silly audit   tapable: [ '1.1.3', '2.3.2' ],
123 silly audit   'form-data': [ '3.0.4' ],
123 silly audit   forwarded: [ '0.2.0' ],
123 silly audit   'fraction.js': [ '5.3.4' ],
123 silly audit   fresh: [ '0.5.2' ],
123 silly audit   'fs-monkey': [ '1.1.0' ],
123 silly audit   'fs.realpath': [ '1.0.0' ],
123 silly audit   fsevents: [ '2.3.3' ],
123 silly audit   'function-bind': [ '1.1.2' ],
123 silly audit   'function.prototype.name': [ '1.1.8' ],
123 silly audit   'functions-have-names': [ '1.2.3' ],
123 silly audit   'generator-function': [ '2.0.1' ],
123 silly audit   gensync: [ '1.0.0-beta.2' ],
123 silly audit   'get-caller-file': [ '2.0.5' ],
123 silly audit   'get-intrinsic': [ '1.3.0' ],
123 silly audit   'get-own-enumerable-property-symbols': [ '3.0.2' ],
123 silly audit   'get-package-type': [ '0.1.0' ],
123 silly audit   'get-proto': [ '1.0.1' ],
123 silly audit   'get-stream': [ '6.0.1' ],
123 silly audit   'get-symbol-description': [ '1.1.0' ],
123 silly audit   glob: [ '7.2.3' ],
123 silly audit   'glob-to-regexp': [ '0.4.1' ],
123 silly audit   'global-modules': [ '2.0.0' ],
123 silly audit   'global-prefix': [ '3.0.0' ],
123 silly audit   which: [ '1.3.1', '2.0.2' ],
123 silly audit   globals: [ '13.24.0' ],
123 silly audit   globalthis: [ '1.0.4' ],
123 silly audit   globby: [ '11.1.0' ],
123 silly audit   gopd: [ '1.2.0' ],
123 silly audit   'graceful-fs': [ '4.2.11' ],
123 silly audit   graphemer: [ '1.4.0' ],
123 silly audit   'gzip-size': [ '6.0.0' ],
123 silly audit   'handle-thing': [ '2.0.1' ],
123 silly audit   'harmony-reflect': [ '1.6.2' ],
123 silly audit   'has-bigints': [ '1.1.0' ],
123 silly audit   'has-property-descriptors': [ '1.0.2' ],
123 silly audit   'has-proto': [ '1.2.0' ],
123 silly audit   'has-symbols': [ '1.1.0' ],
123 silly audit   'has-tostringtag': [ '1.0.2' ],
123 silly audit   hasown: [ '2.0.2' ],
123 silly audit   he: [ '1.2.0' ],
123 silly audit   hoopy: [ '0.1.4' ],
123 silly audit   'hpack.js': [ '2.1.6' ],
123 silly audit   isarray: [ '1.0.0', '2.0.5' ],
123 silly audit   'readable-stream': [ '2.3.8', '3.6.2' ],
123 silly audit   'safe-buffer': [ '5.1.2', '5.2.1' ],
123 silly audit   string_decoder: [ '1.1.1', '1.3.0' ],
123 silly audit   'html-encoding-sniffer': [ '2.0.1' ],
123 silly audit   'html-entities': [ '2.6.0' ],
123 silly audit   'html-escaper': [ '2.0.2' ],
123 silly audit   'html-minifier-terser': [ '6.1.0' ],
123 silly audit   'html-webpack-plugin': [ '5.6.6' ],
123 silly audit   htmlparser2: [ '6.1.0' ],
123 silly audit   'http-deceiver': [ '1.2.7' ],
123 silly audit   'http-errors': [ '2.0.1', '1.8.1' ],
123 silly audit   'http-parser-js': [ '0.5.10' ],
123 silly audit   'http-proxy': [ '1.18.1' ],
123 silly audit   'http-proxy-agent': [ '4.0.1' ],
123 silly audit   'http-proxy-middleware': [ '2.0.9' ],
123 silly audit   'https-proxy-agent': [ '5.0.1' ],
123 silly audit   'human-signals': [ '2.1.0' ],
123 silly audit   'icss-utils': [ '5.1.0' ],
123 silly audit   idb: [ '7.1.1' ],
123 silly audit   'identity-obj-proxy': [ '3.0.0' ],
123 silly audit   ignore: [ '5.3.2' ],
123 silly audit   immer: [ '9.0.21' ],
123 silly audit   'import-fresh': [ '3.3.1' ],
123 silly audit   'resolve-from': [ '4.0.0', '5.0.0' ],
123 silly audit   'import-local': [ '3.2.0' ],
123 silly audit   imurmurhash: [ '0.1.4' ],
123 silly audit   inflight: [ '1.0.6' ],
123 silly audit   inherits: [ '2.0.4' ],
123 silly audit   ini: [ '1.3.8' ],
123 silly audit   'internal-slot': [ '1.1.0' ],
123 silly audit   'ipaddr.js': [ '2.3.0', '1.9.1' ],
123 silly audit   'is-array-buffer': [ '3.0.5' ],
123 silly audit   'is-arrayish': [ '0.2.1' ],
123 silly audit   'is-async-function': [ '2.1.1' ],
123 silly audit   'is-bigint': [ '1.1.0' ],
123 silly audit   'is-binary-path': [ '2.1.0' ],
123 silly audit   'is-boolean-object': [ '1.2.2' ],
123 silly audit   'is-callable': [ '1.2.7' ],
123 silly audit   'is-core-module': [ '2.16.1' ],
123 silly audit   'is-data-view': [ '1.0.2' ],
123 silly audit   'is-date-object': [ '1.1.0' ],
123 silly audit   'is-docker': [ '2.2.1' ],
123 silly audit   'is-extglob': [ '2.1.1' ],
123 silly audit   'is-finalizationregistry': [ '1.1.1' ],
123 silly audit   'is-fullwidth-code-point': [ '3.0.0' ],
123 silly audit   'is-generator-fn': [ '2.1.0' ],
123 silly audit   'is-generator-function': [ '1.1.2' ],
123 silly audit   'is-glob': [ '4.0.3' ],
123 silly audit   'is-map': [ '2.0.3' ],
123 silly audit   'is-module': [ '1.0.0' ],
123 silly audit   'is-negative-zero': [ '2.0.3' ],
123 silly audit   'is-number': [ '7.0.0' ],
123 silly audit   'is-number-object': [ '1.1.1' ],
123 silly audit   'is-obj': [ '1.0.1' ],
123 silly audit   'is-path-inside': [ '3.0.3' ],
123 silly audit   'is-plain-obj': [ '3.0.0' ],
123 silly audit   'is-potential-custom-element-name': [ '1.0.1' ],
123 silly audit   'is-regex': [ '1.2.1' ],
123 silly audit   'is-regexp': [ '1.0.0' ],
123 silly audit   'is-root': [ '2.1.0' ],
123 silly audit   'is-set': [ '2.0.3' ],
123 silly audit   'is-shared-array-buffer': [ '1.0.4' ],
123 silly audit   'is-stream': [ '2.0.1' ],
123 silly audit   'is-string': [ '1.1.1' ],
123 silly audit   'is-symbol': [ '1.1.1' ],
123 silly audit   'is-typed-array': [ '1.1.15' ],
123 silly audit   'is-typedarray': [ '1.0.0' ],
123 silly audit   'is-weakmap': [ '2.0.2' ],
123 silly audit   'is-weakref': [ '1.1.1' ],
123 silly audit   'is-weakset': [ '2.0.4' ],
123 silly audit   'is-wsl': [ '2.2.0' ],
123 silly audit   isexe: [ '2.0.0' ],
123 silly audit   'istanbul-lib-coverage': [ '3.2.2' ],
123 silly audit   'istanbul-lib-instrument': [ '5.2.1' ],
123 silly audit   'istanbul-lib-report': [ '3.0.1' ],
123 silly audit   'make-dir': [ '4.0.0', '3.1.0' ],
123 silly audit   'istanbul-lib-source-maps': [ '4.0.1' ],
123 silly audit   'istanbul-reports': [ '3.2.0' ],
123 silly audit   'iterator.prototype': [ '1.1.5' ],
123 silly audit   jake: [ '10.9.4' ],
123 silly audit   jest: [ '27.5.1' ],
123 silly audit   'jest-changed-files': [ '27.5.1' ],
123 silly audit   'jest-circus': [ '27.5.1' ],
123 silly audit   'jest-cli': [ '27.5.1' ],
123 silly audit   'jest-config': [ '27.5.1' ],
123 silly audit   'jest-diff': [ '27.5.1' ],
123 silly audit   'jest-docblock': [ '27.5.1' ],
123 silly audit   'jest-each': [ '27.5.1' ],
123 silly audit   'jest-environment-jsdom': [ '27.5.1' ],
123 silly audit   'jest-environment-node': [ '27.5.1' ],
123 silly audit   'jest-get-type': [ '27.5.1' ],
123 silly audit   'jest-haste-map': [ '27.5.1' ],
123 silly audit   'jest-jasmine2': [ '27.5.1' ],
123 silly audit   'jest-leak-detector': [ '27.5.1' ],
123 silly audit   'jest-matcher-utils': [ '27.5.1' ],
123 silly audit   'jest-message-util': [ '27.5.1', '28.1.3' ],
123 silly audit   'jest-mock': [ '27.5.1' ],
123 silly audit   'jest-pnp-resolver': [ '1.2.3' ],
123 silly audit   'jest-regex-util': [ '27.5.1', '28.0.2' ],
123 silly audit   'jest-resolve': [ '27.5.1' ],
123 silly audit   'jest-resolve-dependencies': [ '27.5.1' ],
123 silly audit   'jest-runner': [ '27.5.1' ],
123 silly audit   'jest-runtime': [ '27.5.1' ],
123 silly audit   'jest-serializer': [ '27.5.1' ],
123 silly audit   'jest-snapshot': [ '27.5.1' ],
123 silly audit   'jest-util': [ '27.5.1', '28.1.3' ],
123 silly audit   'jest-validate': [ '27.5.1' ],
123 silly audit   'jest-watch-typeahead': [ '1.1.0' ],
123 silly audit   slash: [ '3.0.0', '4.0.0' ],
123 silly audit   'jest-watcher': [ '28.1.3', '27.5.1' ],
123 silly audit   'string-length': [ '4.0.2', '5.0.1' ],
123 silly audit   'strip-ansi': [ '6.0.1', '7.2.0' ],
123 silly audit   'pretty-format': [ '28.1.3', '27.5.1' ],
123 silly audit   'react-is': [ '18.3.1', '16.13.1', '17.0.2' ],
123 silly audit   jiti: [ '1.21.7' ],
123 silly audit   'js-tokens': [ '4.0.0' ],
123 silly audit   jsdom: [ '16.7.0' ],
123 silly audit   jsesc: [ '3.1.0' ],
123 silly audit   'json-buffer': [ '3.0.1' ],
123 silly audit   'json-parse-even-better-errors': [ '2.3.1' ],
123 silly audit   'json-stable-stringify-without-jsonify': [ '1.0.1' ],
123 silly audit   json5: [ '2.2.3', '1.0.2' ],
123 silly audit   jsonfile: [ '6.2.0' ],
123 silly audit   jsonpath: [ '1.3.0' ],
123 silly audit   jsonpointer: [ '5.0.1' ],
123 silly audit   'jsx-ast-utils': [ '3.3.5' ],
123 silly audit   keyv: [ '4.5.4' ],
123 silly audit   'kind-of': [ '6.0.3' ],
123 silly audit   kleur: [ '3.0.3' ],
123 silly audit   klona: [ '2.0.6' ],
123 silly audit   'language-subtag-registry': [ '0.3.23' ],
123 silly audit   'language-tags': [ '1.0.9' ],
123 silly audit   'launch-editor': [ '2.13.2' ],
123 silly audit   leven: [ '3.1.0' ],
123 silly audit   levn: [ '0.4.1' ],
123 silly audit   lilconfig: [ '2.1.0', '3.1.3' ],
123 silly audit   'lines-and-columns': [ '1.2.4' ],
123 silly audit   'loader-runner': [ '4.3.1' ],
123 silly audit   'loader-utils': [ '2.0.4', '3.3.1' ],
123 silly audit   lodash: [ '4.18.1' ],
123 silly audit   'lodash.debounce': [ '4.0.8' ],
123 silly audit   'lodash.memoize': [ '4.1.2' ],
123 silly audit   'lodash.merge': [ '4.6.2' ],
123 silly audit   'lodash.sortby': [ '4.7.0' ],
123 silly audit   'lodash.uniq': [ '4.5.0' ],
123 silly audit   'loose-envify': [ '1.4.0' ],
123 silly audit   'lower-case': [ '2.0.2' ],
123 silly audit   'lru-cache': [ '5.1.1' ],
123 silly audit   'magic-string': [ '0.25.9' ],
123 silly audit   makeerror: [ '1.0.12' ],
123 silly audit   'math-intrinsics': [ '1.1.0' ],
123 silly audit   'media-typer': [ '0.3.0' ],
123 silly audit   memfs: [ '3.5.3' ],
123 silly audit   'merge-descriptors': [ '1.0.3' ],
123 silly audit   'merge-stream': [ '2.0.0' ],
123 silly audit   merge2: [ '1.4.1' ],
123 silly audit   methods: [ '1.1.2' ],
123 silly audit   micromatch: [ '4.0.8' ],
123 silly audit   mime: [ '1.6.0' ],
123 silly audit   'mime-db': [ '1.52.0' ],
123 silly audit   'mime-types': [ '2.1.35' ],
123 silly audit   'mimic-fn': [ '2.1.0' ],
123 silly audit   'mini-css-extract-plugin': [ '2.10.2' ],
123 silly audit   'minimalistic-assert': [ '1.0.1' ],
123 silly audit   minimist: [ '1.2.8' ],
123 silly audit   mkdirp: [ '0.5.6' ],
123 silly audit   'multicast-dns': [ '7.2.5' ],
123 silly audit   mz: [ '2.7.0' ],
123 silly audit   nanoid: [ '3.3.11' ],
123 silly audit   'natural-compare': [ '1.4.0' ],
123 silly audit   'natural-compare-lite': [ '1.4.0' ],
123 silly audit   'neo-async': [ '2.6.2' ],
123 silly audit   'no-case': [ '3.0.4' ],
123 silly audit   'node-exports-info': [ '1.6.0' ],
123 silly audit   'node-forge': [ '1.4.0' ],
123 silly audit   'node-int64': [ '0.4.0' ],
123 silly audit   'node-releases': [ '2.0.37' ],
123 silly audit   'normalize-path': [ '3.0.0' ],
123 silly audit   'normalize-url': [ '6.1.0' ],
123 silly audit   'npm-run-path': [ '4.0.1' ],
123 silly audit   'nth-check': [ '2.1.1', '1.0.2' ],
123 silly audit   nwsapi: [ '2.2.23' ],
123 silly audit   'object-assign': [ '4.1.1' ],
123 silly audit   'object-hash': [ '3.0.0' ],
123 silly audit   'object-inspect': [ '1.13.4' ],
123 silly audit   'object-keys': [ '1.1.1' ],
123 silly audit   'object.assign': [ '4.1.7' ],
123 silly audit   'object.entries': [ '1.1.9' ],
123 silly audit   'object.fromentries': [ '2.0.8' ],
123 silly audit   'object.getownpropertydescriptors': [ '2.1.9' ],
123 silly audit   'object.groupby': [ '1.0.3' ],
123 silly audit   'object.values': [ '1.2.1' ],
123 silly audit   obuf: [ '1.1.2' ],
123 silly audit   'on-finished': [ '2.4.1' ],
123 silly audit   'on-headers': [ '1.1.0' ],
123 silly audit   once: [ '1.4.0' ],
123 silly audit   onetime: [ '5.1.2' ],
123 silly audit   open: [ '8.4.2' ],
123 silly audit   optionator: [ '0.9.4' ],
123 silly audit   'own-keys': [ '1.0.1' ],
123 silly audit   'p-retry': [ '4.6.2' ],
123 silly audit   'p-try': [ '2.2.0' ],
123 silly audit   'param-case': [ '3.0.4' ],
123 silly audit   'parent-module': [ '1.0.1' ],
123 silly audit   'parse-json': [ '5.2.0' ],
123 silly audit   parse5: [ '6.0.1' ],
123 silly audit   parseurl: [ '1.3.3' ],
123 silly audit   'pascal-case': [ '3.1.2' ],
123 silly audit   'path-exists': [ '4.0.0', '3.0.0' ],
123 silly audit   'path-is-absolute': [ '1.0.1' ],
123 silly audit   'path-key': [ '3.1.1' ],
123 silly audit   'path-parse': [ '1.0.7' ],
123 silly audit   'path-to-regexp': [ '0.1.13' ],
123 silly audit   'path-type': [ '4.0.0' ],
123 silly audit   'performance-now': [ '2.1.0' ],
123 silly audit   picocolors: [ '1.1.1', '0.2.1' ],
123 silly audit   picomatch: [ '2.3.2', '4.0.4' ],
123 silly audit   pify: [ '2.3.0' ],
123 silly audit   pirates: [ '4.0.7' ],
123 silly audit   'pkg-dir': [ '4.2.0' ],
123 silly audit   'pkg-up': [ '3.1.0' ],
123 silly audit   'possible-typed-array-names': [ '1.1.0' ],
123 silly audit   postcss: [ '8.5.9', '7.0.39' ],
123 silly audit   'postcss-attribute-case-insensitive': [ '5.0.2' ],
123 silly audit   'postcss-browser-comments': [ '4.0.0' ],
123 silly audit   'postcss-calc': [ '8.2.4' ],
123 silly audit   'postcss-clamp': [ '4.1.0' ],
123 silly audit   'postcss-color-functional-notation': [ '4.2.4' ],
123 silly audit   'postcss-color-hex-alpha': [ '8.0.4' ],
123 silly audit   'postcss-color-rebeccapurple': [ '7.1.1' ],
123 silly audit   'postcss-colormin': [ '5.3.1' ],
123 silly audit   'postcss-convert-values': [ '5.1.3' ],
123 silly audit   'postcss-custom-media': [ '8.0.2' ],
123 silly audit   'postcss-custom-properties': [ '12.1.11' ],
123 silly audit   'postcss-custom-selectors': [ '6.0.3' ],
123 silly audit   'postcss-dir-pseudo-class': [ '6.0.5' ],
123 silly audit   'postcss-discard-comments': [ '5.1.2' ],
123 silly audit   'postcss-discard-duplicates': [ '5.1.0' ],
123 silly audit   'postcss-discard-empty': [ '5.1.1' ],
123 silly audit   'postcss-discard-overridden': [ '5.1.0' ],
123 silly audit   'postcss-double-position-gradients': [ '3.1.2' ],
123 silly audit   'postcss-env-function': [ '4.0.6' ],
123 silly audit   'postcss-flexbugs-fixes': [ '5.0.2' ],
123 silly audit   'postcss-focus-visible': [ '6.0.4' ],
123 silly audit   'postcss-focus-within': [ '5.0.4' ],
123 silly audit   'postcss-font-variant': [ '5.0.0' ],
123 silly audit   'postcss-gap-properties': [ '3.0.5' ],
123 silly audit   'postcss-image-set-function': [ '4.0.7' ],
123 silly audit   'postcss-import': [ '15.1.0' ],
123 silly audit   'postcss-initial': [ '4.0.1' ],
123 silly audit   'postcss-js': [ '4.1.0' ],
123 silly audit   'postcss-lab-function': [ '4.2.1' ],
123 silly audit   'postcss-loader': [ '6.2.1' ],
123 silly audit   'postcss-logical': [ '5.0.4' ],
123 silly audit   'postcss-media-minmax': [ '5.0.0' ],
123 silly audit   'postcss-merge-longhand': [ '5.1.7' ],
123 silly audit   'postcss-merge-rules': [ '5.1.4' ],
123 silly audit   'postcss-minify-font-values': [ '5.1.0' ],
123 silly audit   'postcss-minify-gradients': [ '5.1.1' ],
123 silly audit   'postcss-minify-params': [ '5.1.4' ],
123 silly audit   'postcss-minify-selectors': [ '5.2.1' ],
123 silly audit   'postcss-modules-extract-imports': [ '3.1.0' ],
123 silly audit   'postcss-modules-local-by-default': [ '4.2.0' ],
123 silly audit   'postcss-selector-parser': [ '7.1.1', '6.1.2' ],
123 silly audit   'postcss-modules-scope': [ '3.2.1' ],
123 silly audit   'postcss-modules-values': [ '4.0.0' ],
123 silly audit   'postcss-nested': [ '6.2.0' ],
123 silly audit   'postcss-nesting': [ '10.2.0' ],
123 silly audit   'postcss-normalize': [ '10.0.1' ],
123 silly audit   'postcss-normalize-charset': [ '5.1.0' ],
123 silly audit   'postcss-normalize-display-values': [ '5.1.0' ],
123 silly audit   'postcss-normalize-positions': [ '5.1.1' ],
123 silly audit   'postcss-normalize-repeat-style': [ '5.1.1' ],
123 silly audit   'postcss-normalize-string': [ '5.1.0' ],
123 silly audit   'postcss-normalize-timing-functions': [ '5.1.0' ],
123 silly audit   'postcss-normalize-unicode': [ '5.1.1' ],
123 silly audit   'postcss-normalize-url': [ '5.1.0' ],
123 silly audit   'postcss-normalize-whitespace': [ '5.1.1' ],
123 silly audit   'postcss-opacity-percentage': [ '1.1.3' ],
123 silly audit   'postcss-ordered-values': [ '5.1.3' ],
123 silly audit   'postcss-overflow-shorthand': [ '3.0.4' ],
123 silly audit   'postcss-page-break': [ '3.0.4' ],
123 silly audit   'postcss-place': [ '7.0.5' ],
123 silly audit   'postcss-preset-env': [ '7.8.3' ],
123 silly audit   'postcss-pseudo-class-any-link': [ '7.1.6' ],
123 silly audit   'postcss-reduce-initial': [ '5.1.2' ],
123 silly audit   'postcss-reduce-transforms': [ '5.1.0' ],
123 silly audit   'postcss-replace-overflow-wrap': [ '4.0.0' ],
123 silly audit   'postcss-selector-not': [ '6.0.1' ],
123 silly audit   'postcss-svgo': [ '5.1.0' ],
123 silly audit   sax: [ '1.6.0', '1.2.4' ],
123 silly audit   svgo: [ '2.8.2', '1.3.2' ],
123 silly audit   'postcss-unique-selectors': [ '5.1.1' ],
123 silly audit   'postcss-value-parser': [ '4.2.0' ],
123 silly audit   'prelude-ls': [ '1.2.1' ],
123 silly audit   'pretty-bytes': [ '5.6.0' ],
123 silly audit   'pretty-error': [ '4.0.0' ],
123 silly audit   'process-nextick-args': [ '2.0.1' ],
123 silly audit   promise: [ '8.3.0' ],
123 silly audit   prompts: [ '2.4.2' ],
123 silly audit   'prop-types': [ '15.8.1' ],
123 silly audit   'proxy-addr': [ '2.0.7' ],
123 silly audit   psl: [ '1.15.0' ],
123 silly audit   punycode: [ '2.3.1' ],
123 silly audit   q: [ '1.5.1' ],
123 silly audit   qs: [ '6.14.2' ],
123 silly audit   querystringify: [ '2.2.0' ],
123 silly audit   'queue-microtask': [ '1.2.3' ],
123 silly audit   raf: [ '3.4.1' ],
123 silly audit   randombytes: [ '2.1.0' ],
123 silly audit   'range-parser': [ '1.2.1' ],
123 silly audit   'raw-body': [ '2.5.3' ],
123 silly audit   react: [ '18.3.1' ],
123 silly audit   'react-app-polyfill': [ '3.0.0' ],
123 silly audit   'react-dev-utils': [ '12.0.1' ],
123 silly audit   'react-dom': [ '18.3.1' ],
123 silly audit   'react-error-overlay': [ '6.1.0' ],
123 silly audit   'react-refresh': [ '0.11.0' ],
123 silly audit   'react-scripts': [ '5.0.1' ],
123 silly audit   'read-cache': [ '1.0.0' ],
123 silly audit   readdirp: [ '3.6.0' ],
123 silly audit   'recursive-readdir': [ '2.2.3' ],
123 silly audit   'reflect.getprototypeof': [ '1.0.10' ],
123 silly audit   regenerate: [ '1.4.2' ],
123 silly audit   'regenerate-unicode-properties': [ '10.2.2' ],
123 silly audit   'regenerator-runtime': [ '0.13.11' ],
123 silly audit   'regex-parser': [ '2.3.1' ],
123 silly audit   'regexp.prototype.flags': [ '1.5.4' ],
123 silly audit   'regexpu-core': [ '6.4.0' ],
123 silly audit   regjsgen: [ '0.8.0' ],
123 silly audit   regjsparser: [ '0.13.1' ],
123 silly audit   relateurl: [ '0.2.7' ],
123 silly audit   renderkid: [ '3.0.0' ],
123 silly audit   'require-directory': [ '2.1.1' ],
123 silly audit   'require-from-string': [ '2.0.2' ],
123 silly audit   'requires-port': [ '1.0.0' ],
123 silly audit   'resolve-cwd': [ '3.0.0' ],
123 silly audit   'resolve-url-loader': [ '4.0.0' ],
123 silly audit   'resolve.exports': [ '1.1.1' ],
123 silly audit   retry: [ '0.13.1' ],
123 silly audit   reusify: [ '1.1.0' ],
123 silly audit   rimraf: [ '3.0.2' ],
123 silly audit   rollup: [ '2.80.0' ],
123 silly audit   'rollup-plugin-terser': [ '7.0.2' ],
123 silly audit   'serialize-javascript': [ '4.0.0', '6.0.2' ],
123 silly audit   'run-parallel': [ '1.2.0' ],
123 silly audit   'safe-array-concat': [ '1.1.3' ],
123 silly audit   'safe-push-apply': [ '1.0.0' ],
123 silly audit   'safe-regex-test': [ '1.1.0' ],
123 silly audit   'safer-buffer': [ '2.1.2' ],
123 silly audit   'sanitize.css': [ '13.0.0' ],
123 silly audit   'sass-loader': [ '12.6.0' ],
123 silly audit   saxes: [ '5.0.1' ],
123 silly audit   scheduler: [ '0.23.2' ],
123 silly audit   'select-hose': [ '2.0.0' ],
123 silly audit   selfsigned: [ '2.4.1' ],
123 silly audit   send: [ '0.19.2' ],
123 silly audit   'serve-index': [ '1.9.2' ],
123 silly audit   statuses: [ '1.5.0', '2.0.2' ],
123 silly audit   'serve-static': [ '1.16.3' ],
123 silly audit   'set-function-length': [ '1.2.2' ],
123 silly audit   'set-function-name': [ '2.0.2' ],
123 silly audit   'set-proto': [ '1.0.0' ],
123 silly audit   setprototypeof: [ '1.2.0' ],
123 silly audit   'shebang-command': [ '2.0.0' ],
123 silly audit   'shebang-regex': [ '3.0.0' ],
123 silly audit   'shell-quote': [ '1.8.3' ],
123 silly audit   'side-channel': [ '1.1.0' ],
123 silly audit   'side-channel-list': [ '1.0.1' ],
123 silly audit   'side-channel-map': [ '1.0.1' ],
123 silly audit   'side-channel-weakmap': [ '1.0.2' ],
123 silly audit   'signal-exit': [ '3.0.7' ],
123 silly audit   sisteransi: [ '1.0.5' ],
123 silly audit   sockjs: [ '0.3.24' ],
123 silly audit   'source-list-map': [ '2.0.1' ],
123 silly audit   'source-map-js': [ '1.2.1' ],
123 silly audit   'source-map-loader': [ '3.0.2' ],
123 silly audit   'source-map-support': [ '0.5.21' ],
123 silly audit   'sourcemap-codec': [ '1.4.8' ],
123 silly audit   spdy: [ '4.0.2' ],
123 silly audit   'spdy-transport': [ '3.0.0' ],
123 silly audit   'sprintf-js': [ '1.0.3' ],
123 silly audit   stable: [ '0.1.8' ],
123 silly audit   'stack-utils': [ '2.0.6' ],
123 silly audit   stackframe: [ '1.3.4' ],
123 silly audit   'static-eval': [ '2.1.1' ],
123 silly audit   'stop-iteration-iterator': [ '1.1.0' ],
123 silly audit   'string-natural-compare': [ '3.0.1' ],
123 silly audit   'string-width': [ '4.2.3' ],
123 silly audit   'string.prototype.includes': [ '2.0.1' ],
123 silly audit   'string.prototype.matchall': [ '4.0.12' ],
123 silly audit   'string.prototype.repeat': [ '1.0.0' ],
123 silly audit   'string.prototype.trim': [ '1.2.10' ],
123 silly audit   'string.prototype.trimend': [ '1.0.9' ],
123 silly audit   'string.prototype.trimstart': [ '1.0.8' ],
123 silly audit   'stringify-object': [ '3.3.0' ],
123 silly audit   'strip-bom': [ '4.0.0', '3.0.0' ],
123 silly audit   'strip-comments': [ '2.0.1' ],
123 silly audit   'strip-final-newline': [ '2.0.0' ],
123 silly audit   'strip-json-comments': [ '3.1.1' ],
123 silly audit   'style-loader': [ '3.3.4' ],
123 silly audit   stylehacks: [ '5.1.1' ],
123 silly audit   sucrase: [ '3.35.1' ],
123 silly audit   'supports-hyperlinks': [ '2.3.0' ],
123 silly audit   'supports-preserve-symlinks-flag': [ '1.0.0' ],
123 silly audit   'svg-parser': [ '2.0.4' ],
123 silly audit   'symbol-tree': [ '3.2.4' ],
123 silly audit   tailwindcss: [ '3.4.19' ],
123 silly audit   'postcss-load-config': [ '6.0.1' ],
123 silly audit   'temp-dir': [ '2.0.0' ],
123 silly audit   tempy: [ '0.6.0' ],
123 silly audit   'terminal-link': [ '2.1.1' ],
123 silly audit   terser: [ '5.46.1' ],
123 silly audit   'terser-webpack-plugin': [ '5.4.0' ],
123 silly audit   'test-exclude': [ '6.0.0' ],
123 silly audit   'text-table': [ '0.2.0' ],
123 silly audit   thenify: [ '3.3.1' ],
123 silly audit   'thenify-all': [ '1.6.0' ],
123 silly audit   throat: [ '6.0.2' ],
123 silly audit   thunky: [ '1.1.0' ],
123 silly audit   tinyglobby: [ '0.2.16' ],
123 silly audit   fdir: [ '6.5.0' ],
123 silly audit   tmpl: [ '1.0.5' ],
123 silly audit   'to-regex-range': [ '5.0.1' ],
123 silly audit   toidentifier: [ '1.0.1' ],
123 silly audit   'tough-cookie': [ '4.1.4' ],
123 silly audit   universalify: [ '0.2.0', '2.0.1' ],
123 silly audit   tr46: [ '2.1.0', '1.0.1' ],
123 silly audit   tryer: [ '1.0.1' ],
123 silly audit   'ts-interface-checker': [ '0.1.13' ],
123 silly audit   'tsconfig-paths': [ '3.15.0' ],
123 silly audit   tslib: [ '2.8.1', '1.14.1' ],
123 silly audit   tsutils: [ '3.21.0' ],
123 silly audit   'type-check': [ '0.4.0' ],
123 silly audit   'type-detect': [ '4.0.8' ],
123 silly audit   'type-is': [ '1.6.18' ],
123 silly audit   'typed-array-buffer': [ '1.0.3' ],
123 silly audit   'typed-array-byte-length': [ '1.0.3' ],
123 silly audit   'typed-array-byte-offset': [ '1.0.4' ],
123 silly audit   'typed-array-length': [ '1.0.7' ],
123 silly audit   'typedarray-to-buffer': [ '3.1.5' ],
123 silly audit   typescript: [ '4.9.5' ],
123 silly audit   'unbox-primitive': [ '1.1.0' ],
123 silly audit   underscore: [ '1.13.6' ],
123 silly audit   'undici-types': [ '7.19.2' ],
123 silly audit   'unicode-canonical-property-names-ecmascript': [ '2.0.1' ],
123 silly audit   'unicode-match-property-ecmascript': [ '2.0.0' ],
123 silly audit   'unicode-match-property-value-ecmascript': [ '2.2.1' ],
123 silly audit   'unicode-property-aliases-ecmascript': [ '2.2.0' ],
123 silly audit   'unique-string': [ '2.0.0' ],
123 silly audit   unpipe: [ '1.0.0' ],
123 silly audit   unquote: [ '1.1.1' ],
123 silly audit   upath: [ '1.2.0' ],
123 silly audit   'update-browserslist-db': [ '1.2.3' ],
123 silly audit   'uri-js': [ '4.4.1' ],
123 silly audit   'url-parse': [ '1.5.10' ],
123 silly audit   'util-deprecate': [ '1.0.2' ],
123 silly audit   'util.promisify': [ '1.0.1' ],
123 silly audit   utila: [ '0.4.0' ],
123 silly audit   'utils-merge': [ '1.0.1' ],
123 silly audit   uuid: [ '8.3.2' ],
123 silly audit   'v8-to-istanbul': [ '8.1.1' ],
123 silly audit   vary: [ '1.1.2' ],
123 silly audit   'w3c-hr-time': [ '1.0.2' ],
123 silly audit   'w3c-xmlserializer': [ '2.0.0' ],
123 silly audit   walker: [ '1.0.8' ],
123 silly audit   watchpack: [ '2.5.1' ],
123 silly audit   wbuf: [ '1.7.3' ],
123 silly audit   webpack: [ '5.106.1' ],
123 silly audit   'webpack-dev-middleware': [ '5.3.4' ],
123 silly audit   'webpack-dev-server': [ '4.15.2' ],
123 silly audit   ws: [ '8.20.0', '7.5.10' ],
123 silly audit   'webpack-manifest-plugin': [ '4.1.1' ],
123 silly audit   'webpack-sources': [ '2.3.1', '3.3.4', '1.4.3' ],
123 silly audit   'websocket-driver': [ '0.7.4' ],
123 silly audit   'websocket-extensions': [ '0.1.4' ],
123 silly audit   'whatwg-encoding': [ '1.0.5' ],
123 silly audit   'whatwg-fetch': [ '3.6.20' ],
123 silly audit   'whatwg-mimetype': [ '2.3.0' ],
123 silly audit   'whatwg-url': [ '8.7.0', '7.1.0' ],
123 silly audit   'which-boxed-primitive': [ '1.1.1' ],
123 silly audit   'which-builtin-type': [ '1.2.1' ],
123 silly audit   'which-collection': [ '1.0.2' ],
123 silly audit   'which-typed-array': [ '1.1.20' ],
123 silly audit   'word-wrap': [ '1.2.5' ],
123 silly audit   'workbox-background-sync': [ '6.6.0' ],
123 silly audit   'workbox-broadcast-update': [ '6.6.0' ],
123 silly audit   'workbox-build': [ '6.6.0' ],
123 silly audit   '@apideck/better-ajv-errors': [ '0.3.7' ],
123 silly audit   'workbox-cacheable-response': [ '6.6.0' ],
123 silly audit   'workbox-core': [ '6.6.0' ],
123 silly audit   'workbox-expiration': [ '6.6.0' ],
123 silly audit   'workbox-google-analytics': [ '6.6.0' ],
123 silly audit   'workbox-navigation-preload': [ '6.6.0' ],
123 silly audit   'workbox-precaching': [ '6.6.0' ],
123 silly audit   'workbox-range-requests': [ '6.6.0' ],
123 silly audit   'workbox-recipes': [ '6.6.0' ],
123 silly audit   'workbox-routing': [ '6.6.0' ],
123 silly audit   'workbox-strategies': [ '6.6.0' ],
123 silly audit   'workbox-streams': [ '6.6.0' ],
123 silly audit   'workbox-sw': [ '6.6.0' ],
123 silly audit   'workbox-webpack-plugin': [ '6.6.0' ],
123 silly audit   'workbox-window': [ '6.6.0' ],
123 silly audit   'wrap-ansi': [ '7.0.0' ],
123 silly audit   wrappy: [ '1.0.2' ],
123 silly audit   'write-file-atomic': [ '3.0.3' ],
123 silly audit   'xml-name-validator': [ '3.0.0' ],
123 silly audit   xmlchars: [ '2.2.0' ],
123 silly audit   y18n: [ '5.0.8' ],
123 silly audit   yallist: [ '3.1.1' ],
123 silly audit   yaml: [ '1.10.3' ],
123 silly audit   yargs: [ '16.2.0' ],
123 silly audit   'yargs-parser': [ '20.2.9' ],
123 silly audit   'yocto-queue': [ '0.1.0' ],
123 silly audit   '@fortawesome/fontawesome-free': [ '7.2.0' ],
123 silly audit   'mdb-react-ui-kit': [ '10.0.0' ],
123 silly audit   '@types/react': [ '18.3.28' ],
123 silly audit   '@types/react-dom': [ '18.3.7' ],
123 silly audit   '@types/prop-types': [ '15.7.15' ],
123 silly audit   csstype: [ '3.2.3' ],
123 silly audit   '@popperjs/core': [ '2.11.5' ],
123 silly audit   clsx: [ '1.1.1' ],
123 silly audit   'framer-motion': [ '10.18.0' ],
123 silly audit   'react-popper': [ '2.3.0' ],
123 silly audit   '@emotion/is-prop-valid': [ '0.8.8' ],
123 silly audit   '@emotion/memoize': [ '0.7.4' ],
123 silly audit   'react-fast-compare': [ '3.2.2' ],
123 silly audit   warning: [ '4.0.3' ]
123 silly audit }
124 http cache @emotion/memoize@https://registry.npmjs.org/@emotion/memoize/-/memoize-0.7.4.tgz 0ms (cache hit)
125 http cache react-fast-compare@https://registry.npmjs.org/react-fast-compare/-/react-fast-compare-3.2.2.tgz 0ms (cache hit)
126 http cache warning@https://registry.npmjs.org/warning/-/warning-4.0.3.tgz 0ms (cache hit)
127 http cache @emotion/is-prop-valid@https://registry.npmjs.org/@emotion/is-prop-valid/-/is-prop-valid-0.8.8.tgz 0ms (cache hit)
128 http cache framer-motion@https://registry.npmjs.org/framer-motion/-/framer-motion-10.18.0.tgz 0ms (cache hit)
129 http cache react-popper@https://registry.npmjs.org/react-popper/-/react-popper-2.3.0.tgz 0ms (cache hit)
130 http cache @popperjs/core@https://registry.npmjs.org/@popperjs/core/-/core-2.11.5.tgz 0ms (cache hit)
131 http cache @types/prop-types@https://registry.npmjs.org/@types/prop-types/-/prop-types-15.7.15.tgz 0ms (cache hit)
132 http cache @types/react-dom@https://registry.npmjs.org/@types/react-dom/-/react-dom-18.3.7.tgz 0ms (cache hit)
133 silly tarball no local data for @emotion/memoize@https://registry.npmjs.org/@emotion/memoize/-/memoize-0.7.4.tgz. Extracting by manifest.
134 silly tarball no local data for react-fast-compare@https://registry.npmjs.org/react-fast-compare/-/react-fast-compare-3.2.2.tgz. Extracting by manifest.
135 silly tarball no local data for warning@https://registry.npmjs.org/warning/-/warning-4.0.3.tgz. Extracting by manifest.
136 http cache @types/react@https://registry.npmjs.org/@types/react/-/react-18.3.28.tgz 0ms (cache hit)
137 silly tarball no local data for @emotion/is-prop-valid@https://registry.npmjs.org/@emotion/is-prop-valid/-/is-prop-valid-0.8.8.tgz. Extracting by manifest.
138 silly tarball no local data for framer-motion@https://registry.npmjs.org/framer-motion/-/framer-motion-10.18.0.tgz. Extracting by manifest.
139 http cache @fortawesome/fontawesome-free@https://registry.npmjs.org/@fortawesome/fontawesome-free/-/fontawesome-free-7.2.0.tgz 0ms (cache hit)
140 silly tarball no local data for react-popper@https://registry.npmjs.org/react-popper/-/react-popper-2.3.0.tgz. Extracting by manifest.
141 silly tarball no local data for @popperjs/core@https://registry.npmjs.org/@popperjs/core/-/core-2.11.5.tgz. Extracting by manifest.
142 http cache clsx@https://registry.npmjs.org/clsx/-/clsx-1.1.1.tgz 0ms (cache hit)
143 silly tarball no local data for @types/prop-types@https://registry.npmjs.org/@types/prop-types/-/prop-types-15.7.15.tgz. Extracting by manifest.
144 http cache mdb-react-ui-kit@https://registry.npmjs.org/mdb-react-ui-kit/-/mdb-react-ui-kit-10.0.0.tgz 0ms (cache hit)
145 http cache csstype@https://registry.npmjs.org/csstype/-/csstype-3.2.3.tgz 0ms (cache hit)
146 silly tarball no local data for @types/react-dom@https://registry.npmjs.org/@types/react-dom/-/react-dom-18.3.7.tgz. Extracting by manifest.
147 silly tarball no local data for @types/react@https://registry.npmjs.org/@types/react/-/react-18.3.28.tgz. Extracting by manifest.
148 silly tarball no local data for @fortawesome/fontawesome-free@https://registry.npmjs.org/@fortawesome/fontawesome-free/-/fontawesome-free-7.2.0.tgz. Extracting by manifest.
149 silly tarball no local data for clsx@https://registry.npmjs.org/clsx/-/clsx-1.1.1.tgz. Extracting by manifest.
150 silly tarball no local data for mdb-react-ui-kit@https://registry.npmjs.org/mdb-react-ui-kit/-/mdb-react-ui-kit-10.0.0.tgz. Extracting by manifest.
151 silly tarball no local data for csstype@https://registry.npmjs.org/csstype/-/csstype-3.2.3.tgz. Extracting by manifest.
152 http fetch GET 200 https://registry.npmjs.org/warning/-/warning-4.0.3.tgz 97ms (cache miss)
153 http fetch GET 200 https://registry.npmjs.org/@emotion/memoize/-/memoize-0.7.4.tgz 123ms (cache miss)
154 http fetch GET 200 https://registry.npmjs.org/react-fast-compare/-/react-fast-compare-3.2.2.tgz 126ms (cache miss)
155 http fetch GET 200 https://registry.npmjs.org/clsx/-/clsx-1.1.1.tgz 353ms (cache miss)
156 http fetch GET 200 https://registry.npmjs.org/@emotion/is-prop-valid/-/is-prop-valid-0.8.8.tgz 401ms (cache miss)
157 http fetch GET 200 https://registry.npmjs.org/@types/prop-types/-/prop-types-15.7.15.tgz 487ms (cache miss)
158 http fetch GET 200 https://registry.npmjs.org/@types/react-dom/-/react-dom-18.3.7.tgz 512ms (cache miss)
159 http fetch GET 200 https://registry.npmjs.org/react-popper/-/react-popper-2.3.0.tgz 526ms (cache miss)
160 http fetch POST 200 https://registry.npmjs.org/-/npm/v1/security/advisories/bulk 543ms
161 silly audit report {
161 silly audit report   '@tootallnate/once': [
161 silly audit report     {
161 silly audit report       id: 1113977,
161 silly audit report       url: 'https://github.com/advisories/GHSA-vpq2-c234-7xj6',
161 silly audit report       title: '@tootallnate/once vulnerable to Incorrect Control Flow Scoping',
161 silly audit report       severity: 'low',
161 silly audit report       vulnerable_versions: '<3.0.1',
161 silly audit report       cwe: [Array],
161 silly audit report       cvss: [Object]
161 silly audit report     }
161 silly audit report   ],
161 silly audit report   'nth-check': [
161 silly audit report     {
161 silly audit report       id: 1095141,
161 silly audit report       url: 'https://github.com/advisories/GHSA-rp65-9cf3-cjxr',
161 silly audit report       title: 'Inefficient Regular Expression Complexity in nth-check',
161 silly audit report       severity: 'high',
161 silly audit report       vulnerable_versions: '<2.0.1',
161 silly audit report       cwe: [Array],
161 silly audit report       cvss: [Object]
161 silly audit report     }
161 silly audit report   ],
161 silly audit report   postcss: [
161 silly audit report     {
161 silly audit report       id: 1109574,
161 silly audit report       url: 'https://github.com/advisories/GHSA-7fh5-64p2-3v2j',
161 silly audit report       title: 'PostCSS line return parsing error',
161 silly audit report       severity: 'moderate',
161 silly audit report       vulnerable_versions: '<8.4.31',
161 silly audit report       cwe: [Array],
161 silly audit report       cvss: [Object]
161 silly audit report     }
161 silly audit report   ],
161 silly audit report   'serialize-javascript': [
161 silly audit report     {
161 silly audit report       id: 1113686,
161 silly audit report       url: 'https://github.com/advisories/GHSA-5c6j-r48x-rmvq',
161 silly audit report       title: 'Serialize JavaScript is Vulnerable to RCE via RegExp.flags and Date.prototype.toISOString()',
161 silly audit report       severity: 'high',
161 silly audit report       vulnerable_versions: '<=7.0.2',
161 silly audit report       cwe: [Array],
161 silly audit report       cvss: [Object]
161 silly audit report     },
161 silly audit report     {
161 silly audit report       id: 1115723,
161 silly audit report       url: 'https://github.com/advisories/GHSA-qj8w-gfj5-8c6v',
161 silly audit report       title: 'Serialize JavaScript has CPU Exhaustion Denial of Service via crafted array-like objects',
161 silly audit report       severity: 'moderate',
161 silly audit report       vulnerable_versions: '<7.0.5',
161 silly audit report       cwe: [Array],
161 silly audit report       cvss: [Object]
161 silly audit report     }
161 silly audit report   ],
161 silly audit report   underscore: [
161 silly audit report     {
161 silly audit report       id: 1113950,
161 silly audit report       url: 'https://github.com/advisories/GHSA-qpx9-hpmf-5gmw',
161 silly audit report       title: 'Underscore has unlimited recursion in _.flatten and _.isEqual, potential for DoS attack',
161 silly audit report       severity: 'high',
161 silly audit report       vulnerable_versions: '<=1.13.7',
161 silly audit report       cwe: [Array],
161 silly audit report       cvss: [Object]
161 silly audit report     }
161 silly audit report   ],
161 silly audit report   'webpack-dev-server': [
161 silly audit report     {
161 silly audit report       id: 1108429,
161 silly audit report       url: 'https://github.com/advisories/GHSA-9jgg-88mc-972h',
161 silly audit report       title: "webpack-dev-server users' source code may be stolen when they access a malicious web site with non-Chromium based browser",
161 silly audit report       severity: 'moderate',
161 silly audit report       vulnerable_versions: '<=5.2.0',
161 silly audit report       cwe: [Array],
161 silly audit report       cvss: [Object]
161 silly audit report     },
161 silly audit report     {
161 silly audit report       id: 1108430,
161 silly audit report       url: 'https://github.com/advisories/GHSA-4v9v-hfq4-rm2v',
161 silly audit report       title: "webpack-dev-server users' source code may be stolen when they access a malicious web site",
161 silly audit report       severity: 'moderate',
161 silly audit report       vulnerable_versions: '<=5.2.0',
161 silly audit report       cwe: [Array],
161 silly audit report       cvss: [Object]
161 silly audit report     }
161 silly audit report   ]
161 silly audit report }
162 silly packumentCache corgi:https://registry.npmjs.org/@tootallnate%2fonce cache-miss
163 silly packumentCache corgi:https://registry.npmjs.org/nth-check cache-miss
164 silly packumentCache corgi:https://registry.npmjs.org/postcss cache-miss
165 silly packumentCache corgi:https://registry.npmjs.org/serialize-javascript cache-miss
166 silly packumentCache corgi:https://registry.npmjs.org/underscore cache-miss
167 silly packumentCache corgi:https://registry.npmjs.org/webpack-dev-server cache-miss
168 http fetch GET 200 https://registry.npmjs.org/@types/react/-/react-18.3.28.tgz 603ms (cache miss)
169 http fetch GET 200 https://registry.npmjs.org/csstype/-/csstype-3.2.3.tgz 657ms (cache miss)
170 http fetch GET 200 https://registry.npmjs.org/nth-check 160ms (cache miss)
171 silly packumentCache corgi:https://registry.npmjs.org/nth-check set size:undefined disposed:false
172 http fetch GET 200 https://registry.npmjs.org/serialize-javascript 173ms (cache miss)
173 silly packumentCache corgi:https://registry.npmjs.org/serialize-javascript set size:undefined disposed:false
174 http fetch GET 200 https://registry.npmjs.org/@tootallnate%2fonce 216ms (cache miss)
175 silly packumentCache corgi:https://registry.npmjs.org/@tootallnate%2fonce set size:undefined disposed:false
176 http fetch GET 200 https://registry.npmjs.org/webpack-dev-server 337ms (cache miss)
177 silly packumentCache corgi:https://registry.npmjs.org/webpack-dev-server set size:undefined disposed:false
178 http fetch GET 200 https://registry.npmjs.org/postcss 472ms (cache miss)
179 silly packumentCache corgi:https://registry.npmjs.org/postcss set size:undefined disposed:false
180 http fetch GET 200 https://registry.npmjs.org/underscore 909ms (cache miss)
181 silly packumentCache corgi:https://registry.npmjs.org/underscore set size:undefined disposed:false
182 silly packumentCache corgi:https://registry.npmjs.org/http-proxy-agent cache-miss
183 http fetch GET 200 https://registry.npmjs.org/http-proxy-agent 261ms (cache miss)
184 silly packumentCache corgi:https://registry.npmjs.org/http-proxy-agent set size:undefined disposed:false
185 silly packumentCache corgi:https://registry.npmjs.org/css-select cache-miss
186 http fetch GET 200 https://registry.npmjs.org/framer-motion/-/framer-motion-10.18.0.tgz 1890ms (cache miss)
187 http fetch GET 200 https://registry.npmjs.org/css-select 375ms (cache miss)
188 silly packumentCache corgi:https://registry.npmjs.org/css-select set size:undefined disposed:false
189 silly packumentCache corgi:https://registry.npmjs.org/resolve-url-loader cache-miss
190 http fetch GET 200 https://registry.npmjs.org/resolve-url-loader 195ms (cache miss)
191 silly packumentCache corgi:https://registry.npmjs.org/resolve-url-loader set size:undefined disposed:false
192 silly packumentCache corgi:https://registry.npmjs.org/rollup-plugin-terser cache-miss
193 silly packumentCache corgi:https://registry.npmjs.org/css-minimizer-webpack-plugin cache-miss
194 http fetch GET 200 https://registry.npmjs.org/mdb-react-ui-kit/-/mdb-react-ui-kit-10.0.0.tgz 2910ms (cache miss)
195 http fetch GET 200 https://registry.npmjs.org/rollup-plugin-terser 621ms (cache miss)
196 silly packumentCache corgi:https://registry.npmjs.org/rollup-plugin-terser set size:undefined disposed:false
197 http fetch GET 200 https://registry.npmjs.org/css-minimizer-webpack-plugin 645ms (cache miss)
198 silly packumentCache corgi:https://registry.npmjs.org/css-minimizer-webpack-plugin set size:undefined disposed:false
199 silly packumentCache corgi:https://registry.npmjs.org/jsonpath cache-miss
200 http fetch GET 200 https://registry.npmjs.org/jsonpath 543ms (cache miss)
201 silly packumentCache corgi:https://registry.npmjs.org/jsonpath set size:undefined disposed:false
202 silly packumentCache corgi:https://registry.npmjs.org/@pmmmwh%2freact-refresh-webpack-plugin cache-miss
203 silly packumentCache corgi:https://registry.npmjs.org/react-scripts cache-miss
204 http fetch GET 200 https://registry.npmjs.org/@pmmmwh%2freact-refresh-webpack-plugin 356ms (cache miss)
205 silly packumentCache corgi:https://registry.npmjs.org/@pmmmwh%2freact-refresh-webpack-plugin set size:undefined disposed:false
206 http fetch GET 200 https://registry.npmjs.org/@popperjs/core/-/core-2.11.5.tgz 4051ms (cache miss)
207 http fetch GET 200 https://registry.npmjs.org/react-scripts 482ms (cache miss)
208 silly packumentCache corgi:https://registry.npmjs.org/react-scripts set size:undefined disposed:false
209 silly packumentCache corgi:https://registry.npmjs.org/jsdom cache-miss
210 http fetch GET 200 https://registry.npmjs.org/jsdom 358ms (cache miss)
211 silly packumentCache corgi:https://registry.npmjs.org/jsdom set size:undefined disposed:false
212 silly packumentCache corgi:https://registry.npmjs.org/svgo cache-miss
213 http fetch GET 200 https://registry.npmjs.org/svgo 444ms (cache miss)
214 silly packumentCache corgi:https://registry.npmjs.org/svgo set size:undefined disposed:false
215 silly packumentCache corgi:https://registry.npmjs.org/workbox-build cache-miss
216 http fetch GET 200 https://registry.npmjs.org/workbox-build 146ms (cache miss)
217 silly packumentCache corgi:https://registry.npmjs.org/workbox-build set size:undefined disposed:false
218 silly packumentCache corgi:https://registry.npmjs.org/bfj cache-miss
219 http fetch GET 200 https://registry.npmjs.org/bfj 101ms (cache miss)
220 silly packumentCache corgi:https://registry.npmjs.org/bfj set size:undefined disposed:false
221 silly packumentCache corgi:https://registry.npmjs.org/jest-environment-jsdom cache-miss
222 http fetch GET 200 https://registry.npmjs.org/jest-environment-jsdom 199ms (cache miss)
223 silly packumentCache corgi:https://registry.npmjs.org/jest-environment-jsdom set size:undefined disposed:false
224 silly packumentCache corgi:https://registry.npmjs.org/@svgr%2fplugin-svgo cache-miss
225 http fetch GET 200 https://registry.npmjs.org/@svgr%2fplugin-svgo 339ms (cache miss)
226 silly packumentCache corgi:https://registry.npmjs.org/@svgr%2fplugin-svgo set size:undefined disposed:false
227 silly packumentCache corgi:https://registry.npmjs.org/workbox-webpack-plugin cache-miss
228 http fetch GET 200 https://registry.npmjs.org/workbox-webpack-plugin 382ms (cache miss)
229 silly packumentCache corgi:https://registry.npmjs.org/workbox-webpack-plugin set size:undefined disposed:false
230 silly packumentCache corgi:https://registry.npmjs.org/jest-config cache-miss
231 silly packumentCache corgi:https://registry.npmjs.org/jest-runner cache-miss
232 http fetch GET 200 https://registry.npmjs.org/jest-config 180ms (cache miss)
233 silly packumentCache corgi:https://registry.npmjs.org/jest-config set size:undefined disposed:false
234 http fetch GET 200 https://registry.npmjs.org/jest-runner 426ms (cache miss)
235 silly packumentCache corgi:https://registry.npmjs.org/jest-runner set size:undefined disposed:false
236 silly packumentCache corgi:https://registry.npmjs.org/@svgr%2fwebpack cache-miss
237 http fetch GET 200 https://registry.npmjs.org/@svgr%2fwebpack 115ms (cache miss)
238 silly packumentCache corgi:https://registry.npmjs.org/@svgr%2fwebpack set size:undefined disposed:false
239 silly packumentCache corgi:https://registry.npmjs.org/@jest%2fcore cache-miss
240 silly packumentCache corgi:https://registry.npmjs.org/jest-cli cache-miss
241 http fetch GET 200 https://registry.npmjs.org/@jest%2fcore 577ms (cache miss)
242 silly packumentCache corgi:https://registry.npmjs.org/@jest%2fcore set size:undefined disposed:false
243 http fetch GET 200 https://registry.npmjs.org/jest-cli 675ms (cache miss)
244 silly packumentCache corgi:https://registry.npmjs.org/jest-cli set size:undefined disposed:false
245 silly packumentCache corgi:https://registry.npmjs.org/jest cache-miss
246 http fetch GET 200 https://registry.npmjs.org/jest 212ms (cache miss)
247 silly packumentCache corgi:https://registry.npmjs.org/jest set size:undefined disposed:false
248 silly packumentCache corgi:https://registry.npmjs.org/jest-watch-typeahead cache-miss
249 http fetch GET 200 https://registry.npmjs.org/jest-watch-typeahead 101ms (cache miss)
250 silly packumentCache corgi:https://registry.npmjs.org/jest-watch-typeahead set size:undefined disposed:false
251 http fetch GET 200 https://registry.npmjs.org/@fortawesome/fontawesome-free/-/fontawesome-free-7.2.0.tgz 19747ms (cache miss)
252 silly ADD node_modules/warning
253 silly ADD node_modules/react-fast-compare
254 silly ADD node_modules/@emotion/memoize
255 silly ADD node_modules/@emotion/is-prop-valid
256 silly ADD node_modules/react-popper
257 silly ADD node_modules/framer-motion
258 silly ADD node_modules/clsx
259 silly ADD node_modules/@popperjs/core
260 silly ADD node_modules/csstype
261 silly ADD node_modules/@types/prop-types
262 silly ADD node_modules/@types/react-dom
263 silly ADD node_modules/@types/react
264 silly ADD node_modules/mdb-react-ui-kit
265 silly ADD node_modules/@fortawesome/fontawesome-free
266 verbose cwd C:\Facility_Service_Management\frontend_react
267 verbose os Windows_NT 10.0.26200
268 verbose node v25.8.0
269 verbose npm  v11.11.0
270 verbose exit 0
271 info ok
